[2025-02-12T17:22:32.751+0000] {processor.py:186} INFO - Started process (PID=60) to work on /home/airflow/.local/lib/python3.12/site-packages/airflow/example_dags/example_bash_operator.py
[2025-02-12T17:22:32.753+0000] {processor.py:914} INFO - Processing file /home/airflow/.local/lib/python3.12/site-packages/airflow/example_dags/example_bash_operator.py for tasks to queue
[2025-02-12T17:22:32.757+0000] {logging_mixin.py:190} INFO - [2025-02-12T17:22:32.757+0000] {dagbag.py:588} INFO - Filling up the DagBag from /home/airflow/.local/lib/python3.12/site-packages/airflow/example_dags/example_bash_operator.py
[2025-02-12T17:22:32.777+0000] {processor.py:925} INFO - DAG(s) 'example_bash_operator' retrieved from /home/airflow/.local/lib/python3.12/site-packages/airflow/example_dags/example_bash_operator.py
[2025-02-12T17:22:32.837+0000] {logging_mixin.py:190} INFO - [2025-02-12T17:22:32.836+0000] {dag.py:3239} INFO - Sync 1 DAGs
[2025-02-12T17:22:32.871+0000] {logging_mixin.py:190} INFO - [2025-02-12T17:22:32.871+0000] {dag.py:4180} INFO - Setting next_dagrun for example_bash_operator to 2025-02-11 00:00:00+00:00, run_after=2025-02-12 00:00:00+00:00
[2025-02-12T17:22:32.904+0000] {processor.py:208} INFO - Processing /home/airflow/.local/lib/python3.12/site-packages/airflow/example_dags/example_bash_operator.py took 0.161 seconds
[2025-02-12T17:23:03.984+0000] {processor.py:186} INFO - Started process (PID=123) to work on /home/airflow/.local/lib/python3.12/site-packages/airflow/example_dags/example_bash_operator.py
[2025-02-12T17:23:03.988+0000] {processor.py:914} INFO - Processing file /home/airflow/.local/lib/python3.12/site-packages/airflow/example_dags/example_bash_operator.py for tasks to queue
[2025-02-12T17:23:03.993+0000] {logging_mixin.py:190} INFO - [2025-02-12T17:23:03.992+0000] {dagbag.py:588} INFO - Filling up the DagBag from /home/airflow/.local/lib/python3.12/site-packages/airflow/example_dags/example_bash_operator.py
[2025-02-12T17:23:04.024+0000] {processor.py:925} INFO - DAG(s) 'example_bash_operator' retrieved from /home/airflow/.local/lib/python3.12/site-packages/airflow/example_dags/example_bash_operator.py
[2025-02-12T17:23:04.069+0000] {logging_mixin.py:190} INFO - [2025-02-12T17:23:04.069+0000] {dag.py:3239} INFO - Sync 1 DAGs
[2025-02-12T17:23:04.115+0000] {logging_mixin.py:190} INFO - [2025-02-12T17:23:04.115+0000] {dag.py:4180} INFO - Setting next_dagrun for example_bash_operator to 2025-02-11 00:00:00+00:00, run_after=2025-02-12 00:00:00+00:00
[2025-02-12T17:23:04.162+0000] {processor.py:208} INFO - Processing /home/airflow/.local/lib/python3.12/site-packages/airflow/example_dags/example_bash_operator.py took 0.186 seconds
[2025-02-12T17:23:35.508+0000] {processor.py:186} INFO - Started process (PID=185) to work on /home/airflow/.local/lib/python3.12/site-packages/airflow/example_dags/example_bash_operator.py
[2025-02-12T17:23:35.512+0000] {processor.py:914} INFO - Processing file /home/airflow/.local/lib/python3.12/site-packages/airflow/example_dags/example_bash_operator.py for tasks to queue
[2025-02-12T17:23:35.518+0000] {logging_mixin.py:190} INFO - [2025-02-12T17:23:35.518+0000] {dagbag.py:588} INFO - Filling up the DagBag from /home/airflow/.local/lib/python3.12/site-packages/airflow/example_dags/example_bash_operator.py
[2025-02-12T17:23:35.549+0000] {processor.py:925} INFO - DAG(s) 'example_bash_operator' retrieved from /home/airflow/.local/lib/python3.12/site-packages/airflow/example_dags/example_bash_operator.py
[2025-02-12T17:23:35.604+0000] {logging_mixin.py:190} INFO - [2025-02-12T17:23:35.603+0000] {dag.py:3239} INFO - Sync 1 DAGs
[2025-02-12T17:23:35.654+0000] {logging_mixin.py:190} INFO - [2025-02-12T17:23:35.653+0000] {dag.py:4180} INFO - Setting next_dagrun for example_bash_operator to 2025-02-11 00:00:00+00:00, run_after=2025-02-12 00:00:00+00:00
[2025-02-12T17:23:35.687+0000] {processor.py:208} INFO - Processing /home/airflow/.local/lib/python3.12/site-packages/airflow/example_dags/example_bash_operator.py took 0.194 seconds
[2025-02-12T17:24:09.332+0000] {processor.py:186} INFO - Started process (PID=248) to work on /home/airflow/.local/lib/python3.12/site-packages/airflow/example_dags/example_bash_operator.py
[2025-02-12T17:24:09.336+0000] {processor.py:914} INFO - Processing file /home/airflow/.local/lib/python3.12/site-packages/airflow/example_dags/example_bash_operator.py for tasks to queue
[2025-02-12T17:24:09.342+0000] {logging_mixin.py:190} INFO - [2025-02-12T17:24:09.341+0000] {dagbag.py:588} INFO - Filling up the DagBag from /home/airflow/.local/lib/python3.12/site-packages/airflow/example_dags/example_bash_operator.py
[2025-02-12T17:24:09.374+0000] {processor.py:925} INFO - DAG(s) 'example_bash_operator' retrieved from /home/airflow/.local/lib/python3.12/site-packages/airflow/example_dags/example_bash_operator.py
[2025-02-12T17:24:09.444+0000] {logging_mixin.py:190} INFO - [2025-02-12T17:24:09.443+0000] {dag.py:3239} INFO - Sync 1 DAGs
[2025-02-12T17:24:09.516+0000] {logging_mixin.py:190} INFO - [2025-02-12T17:24:09.515+0000] {dag.py:4180} INFO - Setting next_dagrun for example_bash_operator to 2025-02-11 00:00:00+00:00, run_after=2025-02-12 00:00:00+00:00
[2025-02-12T17:24:09.571+0000] {processor.py:208} INFO - Processing /home/airflow/.local/lib/python3.12/site-packages/airflow/example_dags/example_bash_operator.py took 0.257 seconds
[2025-02-12T17:24:41.288+0000] {processor.py:186} INFO - Started process (PID=312) to work on /home/airflow/.local/lib/python3.12/site-packages/airflow/example_dags/example_bash_operator.py
[2025-02-12T17:24:41.294+0000] {processor.py:914} INFO - Processing file /home/airflow/.local/lib/python3.12/site-packages/airflow/example_dags/example_bash_operator.py for tasks to queue
[2025-02-12T17:24:41.310+0000] {logging_mixin.py:190} INFO - [2025-02-12T17:24:41.308+0000] {dagbag.py:588} INFO - Filling up the DagBag from /home/airflow/.local/lib/python3.12/site-packages/airflow/example_dags/example_bash_operator.py
[2025-02-12T17:24:41.409+0000] {processor.py:925} INFO - DAG(s) 'example_bash_operator' retrieved from /home/airflow/.local/lib/python3.12/site-packages/airflow/example_dags/example_bash_operator.py
[2025-02-12T17:24:41.734+0000] {logging_mixin.py:190} INFO - [2025-02-12T17:24:41.732+0000] {dag.py:3239} INFO - Sync 1 DAGs
[2025-02-12T17:24:42.061+0000] {logging_mixin.py:190} INFO - [2025-02-12T17:24:42.060+0000] {dag.py:4180} INFO - Setting next_dagrun for example_bash_operator to 2025-02-11 00:00:00+00:00, run_after=2025-02-12 00:00:00+00:00
[2025-02-12T17:24:42.237+0000] {processor.py:208} INFO - Processing /home/airflow/.local/lib/python3.12/site-packages/airflow/example_dags/example_bash_operator.py took 0.987 seconds
