[2025-02-12T17:22:33.005+0000] {processor.py:186} INFO - Started process (PID=61) to work on /home/airflow/.local/lib/python3.12/site-packages/airflow/example_dags/example_xcomargs.py
[2025-02-12T17:22:33.007+0000] {processor.py:914} INFO - Processing file /home/airflow/.local/lib/python3.12/site-packages/airflow/example_dags/example_xcomargs.py for tasks to queue
[2025-02-12T17:22:33.016+0000] {logging_mixin.py:190} INFO - [2025-02-12T17:22:33.015+0000] {dagbag.py:588} INFO - Filling up the DagBag from /home/airflow/.local/lib/python3.12/site-packages/airflow/example_dags/example_xcomargs.py
[2025-02-12T17:22:33.034+0000] {processor.py:925} INFO - DAG(s) 'example_xcom_args_with_operators', 'example_xcom_args' retrieved from /home/airflow/.local/lib/python3.12/site-packages/airflow/example_dags/example_xcomargs.py
[2025-02-12T17:22:33.086+0000] {logging_mixin.py:190} INFO - [2025-02-12T17:22:33.086+0000] {dag.py:3239} INFO - Sync 2 DAGs
[2025-02-12T17:22:33.107+0000] {logging_mixin.py:190} INFO - [2025-02-12T17:22:33.107+0000] {dag.py:4180} INFO - Setting next_dagrun for example_xcom_args to None, run_after=None
[2025-02-12T17:22:33.113+0000] {logging_mixin.py:190} INFO - [2025-02-12T17:22:33.113+0000] {dag.py:4180} INFO - Setting next_dagrun for example_xcom_args_with_operators to None, run_after=None
[2025-02-12T17:22:33.142+0000] {processor.py:208} INFO - Processing /home/airflow/.local/lib/python3.12/site-packages/airflow/example_dags/example_xcomargs.py took 0.144 seconds
[2025-02-12T17:23:04.237+0000] {processor.py:186} INFO - Started process (PID=124) to work on /home/airflow/.local/lib/python3.12/site-packages/airflow/example_dags/example_xcomargs.py
[2025-02-12T17:23:04.241+0000] {processor.py:914} INFO - Processing file /home/airflow/.local/lib/python3.12/site-packages/airflow/example_dags/example_xcomargs.py for tasks to queue
[2025-02-12T17:23:04.248+0000] {logging_mixin.py:190} INFO - [2025-02-12T17:23:04.247+0000] {dagbag.py:588} INFO - Filling up the DagBag from /home/airflow/.local/lib/python3.12/site-packages/airflow/example_dags/example_xcomargs.py
[2025-02-12T17:23:04.275+0000] {processor.py:925} INFO - DAG(s) 'example_xcom_args_with_operators', 'example_xcom_args' retrieved from /home/airflow/.local/lib/python3.12/site-packages/airflow/example_dags/example_xcomargs.py
[2025-02-12T17:23:04.329+0000] {logging_mixin.py:190} INFO - [2025-02-12T17:23:04.329+0000] {dag.py:3239} INFO - Sync 2 DAGs
[2025-02-12T17:23:04.349+0000] {logging_mixin.py:190} INFO - [2025-02-12T17:23:04.349+0000] {dag.py:4180} INFO - Setting next_dagrun for example_xcom_args to None, run_after=None
[2025-02-12T17:23:04.360+0000] {logging_mixin.py:190} INFO - [2025-02-12T17:23:04.359+0000] {dag.py:4180} INFO - Setting next_dagrun for example_xcom_args_with_operators to None, run_after=None
[2025-02-12T17:23:04.402+0000] {processor.py:208} INFO - Processing /home/airflow/.local/lib/python3.12/site-packages/airflow/example_dags/example_xcomargs.py took 0.177 seconds
[2025-02-12T17:23:35.747+0000] {processor.py:186} INFO - Started process (PID=186) to work on /home/airflow/.local/lib/python3.12/site-packages/airflow/example_dags/example_xcomargs.py
[2025-02-12T17:23:35.749+0000] {processor.py:914} INFO - Processing file /home/airflow/.local/lib/python3.12/site-packages/airflow/example_dags/example_xcomargs.py for tasks to queue
[2025-02-12T17:23:35.754+0000] {logging_mixin.py:190} INFO - [2025-02-12T17:23:35.753+0000] {dagbag.py:588} INFO - Filling up the DagBag from /home/airflow/.local/lib/python3.12/site-packages/airflow/example_dags/example_xcomargs.py
[2025-02-12T17:23:35.770+0000] {processor.py:925} INFO - DAG(s) 'example_xcom_args_with_operators', 'example_xcom_args' retrieved from /home/airflow/.local/lib/python3.12/site-packages/airflow/example_dags/example_xcomargs.py
[2025-02-12T17:23:35.813+0000] {logging_mixin.py:190} INFO - [2025-02-12T17:23:35.812+0000] {dag.py:3239} INFO - Sync 2 DAGs
[2025-02-12T17:23:35.839+0000] {logging_mixin.py:190} INFO - [2025-02-12T17:23:35.839+0000] {dag.py:4180} INFO - Setting next_dagrun for example_xcom_args to None, run_after=None
[2025-02-12T17:23:35.846+0000] {logging_mixin.py:190} INFO - [2025-02-12T17:23:35.846+0000] {dag.py:4180} INFO - Setting next_dagrun for example_xcom_args_with_operators to None, run_after=None
[2025-02-12T17:23:35.876+0000] {processor.py:208} INFO - Processing /home/airflow/.local/lib/python3.12/site-packages/airflow/example_dags/example_xcomargs.py took 0.140 seconds
[2025-02-12T17:24:09.384+0000] {processor.py:186} INFO - Started process (PID=249) to work on /home/airflow/.local/lib/python3.12/site-packages/airflow/example_dags/example_xcomargs.py
[2025-02-12T17:24:09.388+0000] {processor.py:914} INFO - Processing file /home/airflow/.local/lib/python3.12/site-packages/airflow/example_dags/example_xcomargs.py for tasks to queue
[2025-02-12T17:24:09.395+0000] {logging_mixin.py:190} INFO - [2025-02-12T17:24:09.395+0000] {dagbag.py:588} INFO - Filling up the DagBag from /home/airflow/.local/lib/python3.12/site-packages/airflow/example_dags/example_xcomargs.py
[2025-02-12T17:24:09.425+0000] {processor.py:925} INFO - DAG(s) 'example_xcom_args_with_operators', 'example_xcom_args' retrieved from /home/airflow/.local/lib/python3.12/site-packages/airflow/example_dags/example_xcomargs.py
[2025-02-12T17:24:09.499+0000] {logging_mixin.py:190} INFO - [2025-02-12T17:24:09.499+0000] {dag.py:3239} INFO - Sync 2 DAGs
[2025-02-12T17:24:09.541+0000] {logging_mixin.py:190} INFO - [2025-02-12T17:24:09.541+0000] {dag.py:4180} INFO - Setting next_dagrun for example_xcom_args to None, run_after=None
[2025-02-12T17:24:09.557+0000] {logging_mixin.py:190} INFO - [2025-02-12T17:24:09.556+0000] {dag.py:4180} INFO - Setting next_dagrun for example_xcom_args_with_operators to None, run_after=None
[2025-02-12T17:24:09.614+0000] {processor.py:208} INFO - Processing /home/airflow/.local/lib/python3.12/site-packages/airflow/example_dags/example_xcomargs.py took 0.243 seconds
[2025-02-12T17:24:42.415+0000] {processor.py:186} INFO - Started process (PID=319) to work on /home/airflow/.local/lib/python3.12/site-packages/airflow/example_dags/example_xcomargs.py
[2025-02-12T17:24:42.418+0000] {processor.py:914} INFO - Processing file /home/airflow/.local/lib/python3.12/site-packages/airflow/example_dags/example_xcomargs.py for tasks to queue
[2025-02-12T17:24:42.434+0000] {logging_mixin.py:190} INFO - [2025-02-12T17:24:42.433+0000] {dagbag.py:588} INFO - Filling up the DagBag from /home/airflow/.local/lib/python3.12/site-packages/airflow/example_dags/example_xcomargs.py
[2025-02-12T17:24:42.475+0000] {processor.py:925} INFO - DAG(s) 'example_xcom_args', 'example_xcom_args_with_operators' retrieved from /home/airflow/.local/lib/python3.12/site-packages/airflow/example_dags/example_xcomargs.py
[2025-02-12T17:24:42.528+0000] {logging_mixin.py:190} INFO - [2025-02-12T17:24:42.527+0000] {dag.py:3239} INFO - Sync 2 DAGs
[2025-02-12T17:24:42.559+0000] {logging_mixin.py:190} INFO - [2025-02-12T17:24:42.559+0000] {dag.py:4180} INFO - Setting next_dagrun for example_xcom_args to None, run_after=None
[2025-02-12T17:24:42.565+0000] {logging_mixin.py:190} INFO - [2025-02-12T17:24:42.565+0000] {dag.py:4180} INFO - Setting next_dagrun for example_xcom_args_with_operators to None, run_after=None
[2025-02-12T17:24:42.604+0000] {processor.py:208} INFO - Processing /home/airflow/.local/lib/python3.12/site-packages/airflow/example_dags/example_xcomargs.py took 0.218 seconds
