[2025-02-12T17:22:26.537+0000] {processor.py:186} INFO - Started process (PID=49) to work on /home/airflow/.local/lib/python3.12/site-packages/airflow/example_dags/example_dataset_alias.py
[2025-02-12T17:22:26.540+0000] {processor.py:914} INFO - Processing file /home/airflow/.local/lib/python3.12/site-packages/airflow/example_dags/example_dataset_alias.py for tasks to queue
[2025-02-12T17:22:26.556+0000] {logging_mixin.py:190} INFO - [2025-02-12T17:22:26.555+0000] {dagbag.py:588} INFO - Filling up the DagBag from /home/airflow/.local/lib/python3.12/site-packages/airflow/example_dags/example_dataset_alias.py
[2025-02-12T17:22:30.010+0000] {processor.py:925} INFO - DAG(s) 'dataset_s3_bucket_consumer', 'dataset_s3_bucket_producer', 'dataset_alias_example_alias_consumer', 'dataset_alias_example_alias_producer' retrieved from /home/airflow/.local/lib/python3.12/site-packages/airflow/example_dags/example_dataset_alias.py
[2025-02-12T17:22:30.101+0000] {logging_mixin.py:190} INFO - [2025-02-12T17:22:30.099+0000] {dag.py:3239} INFO - Sync 4 DAGs
[2025-02-12T17:22:30.161+0000] {logging_mixin.py:190} INFO - [2025-02-12T17:22:30.160+0000] {dag.py:4180} INFO - Setting next_dagrun for dataset_alias_example_alias_consumer to None, run_after=None
[2025-02-12T17:22:30.182+0000] {logging_mixin.py:190} INFO - [2025-02-12T17:22:30.182+0000] {dag.py:4180} INFO - Setting next_dagrun for dataset_alias_example_alias_producer to None, run_after=None
[2025-02-12T17:22:30.189+0000] {logging_mixin.py:190} INFO - [2025-02-12T17:22:30.188+0000] {dag.py:4180} INFO - Setting next_dagrun for dataset_s3_bucket_consumer to None, run_after=None
[2025-02-12T17:22:30.197+0000] {logging_mixin.py:190} INFO - [2025-02-12T17:22:30.197+0000] {dag.py:4180} INFO - Setting next_dagrun for dataset_s3_bucket_producer to None, run_after=None
[2025-02-12T17:22:30.273+0000] {processor.py:208} INFO - Processing /home/airflow/.local/lib/python3.12/site-packages/airflow/example_dags/example_dataset_alias.py took 3.772 seconds
[2025-02-12T17:23:00.468+0000] {processor.py:186} INFO - Started process (PID=113) to work on /home/airflow/.local/lib/python3.12/site-packages/airflow/example_dags/example_dataset_alias.py
[2025-02-12T17:23:00.471+0000] {processor.py:914} INFO - Processing file /home/airflow/.local/lib/python3.12/site-packages/airflow/example_dags/example_dataset_alias.py for tasks to queue
[2025-02-12T17:23:00.479+0000] {logging_mixin.py:190} INFO - [2025-02-12T17:23:00.478+0000] {dagbag.py:588} INFO - Filling up the DagBag from /home/airflow/.local/lib/python3.12/site-packages/airflow/example_dags/example_dataset_alias.py
[2025-02-12T17:23:01.302+0000] {processor.py:925} INFO - DAG(s) 'dataset_s3_bucket_consumer', 'dataset_alias_example_alias_producer', 'dataset_s3_bucket_producer', 'dataset_alias_example_alias_consumer' retrieved from /home/airflow/.local/lib/python3.12/site-packages/airflow/example_dags/example_dataset_alias.py
[2025-02-12T17:23:01.344+0000] {logging_mixin.py:190} INFO - [2025-02-12T17:23:01.343+0000] {dag.py:3239} INFO - Sync 4 DAGs
[2025-02-12T17:23:01.375+0000] {logging_mixin.py:190} INFO - [2025-02-12T17:23:01.374+0000] {dag.py:4180} INFO - Setting next_dagrun for dataset_alias_example_alias_consumer to None, run_after=None
[2025-02-12T17:23:01.380+0000] {logging_mixin.py:190} INFO - [2025-02-12T17:23:01.379+0000] {dag.py:4180} INFO - Setting next_dagrun for dataset_alias_example_alias_producer to None, run_after=None
[2025-02-12T17:23:01.383+0000] {logging_mixin.py:190} INFO - [2025-02-12T17:23:01.382+0000] {dag.py:4180} INFO - Setting next_dagrun for dataset_s3_bucket_consumer to None, run_after=None
[2025-02-12T17:23:01.386+0000] {logging_mixin.py:190} INFO - [2025-02-12T17:23:01.386+0000] {dag.py:4180} INFO - Setting next_dagrun for dataset_s3_bucket_producer to None, run_after=None
[2025-02-12T17:23:01.429+0000] {processor.py:208} INFO - Processing /home/airflow/.local/lib/python3.12/site-packages/airflow/example_dags/example_dataset_alias.py took 0.980 seconds
[2025-02-12T17:23:32.161+0000] {processor.py:186} INFO - Started process (PID=175) to work on /home/airflow/.local/lib/python3.12/site-packages/airflow/example_dags/example_dataset_alias.py
[2025-02-12T17:23:32.170+0000] {processor.py:914} INFO - Processing file /home/airflow/.local/lib/python3.12/site-packages/airflow/example_dags/example_dataset_alias.py for tasks to queue
[2025-02-12T17:23:32.190+0000] {logging_mixin.py:190} INFO - [2025-02-12T17:23:32.187+0000] {dagbag.py:588} INFO - Filling up the DagBag from /home/airflow/.local/lib/python3.12/site-packages/airflow/example_dags/example_dataset_alias.py
[2025-02-12T17:23:33.613+0000] {processor.py:925} INFO - DAG(s) 'dataset_alias_example_alias_consumer', 'dataset_s3_bucket_producer', 'dataset_s3_bucket_consumer', 'dataset_alias_example_alias_producer' retrieved from /home/airflow/.local/lib/python3.12/site-packages/airflow/example_dags/example_dataset_alias.py
[2025-02-12T17:23:33.666+0000] {logging_mixin.py:190} INFO - [2025-02-12T17:23:33.664+0000] {dag.py:3239} INFO - Sync 4 DAGs
[2025-02-12T17:23:33.705+0000] {logging_mixin.py:190} INFO - [2025-02-12T17:23:33.705+0000] {dag.py:4180} INFO - Setting next_dagrun for dataset_alias_example_alias_consumer to None, run_after=None
[2025-02-12T17:23:33.711+0000] {logging_mixin.py:190} INFO - [2025-02-12T17:23:33.710+0000] {dag.py:4180} INFO - Setting next_dagrun for dataset_alias_example_alias_producer to None, run_after=None
[2025-02-12T17:23:33.715+0000] {logging_mixin.py:190} INFO - [2025-02-12T17:23:33.714+0000] {dag.py:4180} INFO - Setting next_dagrun for dataset_s3_bucket_consumer to None, run_after=None
[2025-02-12T17:23:33.718+0000] {logging_mixin.py:190} INFO - [2025-02-12T17:23:33.717+0000] {dag.py:4180} INFO - Setting next_dagrun for dataset_s3_bucket_producer to None, run_after=None
[2025-02-12T17:23:33.771+0000] {processor.py:208} INFO - Processing /home/airflow/.local/lib/python3.12/site-packages/airflow/example_dags/example_dataset_alias.py took 1.633 seconds
[2025-02-12T17:24:04.109+0000] {processor.py:186} INFO - Started process (PID=238) to work on /home/airflow/.local/lib/python3.12/site-packages/airflow/example_dags/example_dataset_alias.py
[2025-02-12T17:24:04.112+0000] {processor.py:914} INFO - Processing file /home/airflow/.local/lib/python3.12/site-packages/airflow/example_dags/example_dataset_alias.py for tasks to queue
[2025-02-12T17:24:04.122+0000] {logging_mixin.py:190} INFO - [2025-02-12T17:24:04.120+0000] {dagbag.py:588} INFO - Filling up the DagBag from /home/airflow/.local/lib/python3.12/site-packages/airflow/example_dags/example_dataset_alias.py
[2025-02-12T17:24:05.583+0000] {processor.py:925} INFO - DAG(s) 'dataset_alias_example_alias_consumer', 'dataset_alias_example_alias_producer', 'dataset_s3_bucket_consumer', 'dataset_s3_bucket_producer' retrieved from /home/airflow/.local/lib/python3.12/site-packages/airflow/example_dags/example_dataset_alias.py
[2025-02-12T17:24:05.655+0000] {logging_mixin.py:190} INFO - [2025-02-12T17:24:05.654+0000] {dag.py:3239} INFO - Sync 4 DAGs
[2025-02-12T17:24:05.714+0000] {logging_mixin.py:190} INFO - [2025-02-12T17:24:05.714+0000] {dag.py:4180} INFO - Setting next_dagrun for dataset_alias_example_alias_consumer to None, run_after=None
[2025-02-12T17:24:05.722+0000] {logging_mixin.py:190} INFO - [2025-02-12T17:24:05.721+0000] {dag.py:4180} INFO - Setting next_dagrun for dataset_alias_example_alias_producer to None, run_after=None
[2025-02-12T17:24:05.727+0000] {logging_mixin.py:190} INFO - [2025-02-12T17:24:05.727+0000] {dag.py:4180} INFO - Setting next_dagrun for dataset_s3_bucket_consumer to None, run_after=None
[2025-02-12T17:24:05.733+0000] {logging_mixin.py:190} INFO - [2025-02-12T17:24:05.733+0000] {dag.py:4180} INFO - Setting next_dagrun for dataset_s3_bucket_producer to None, run_after=None
[2025-02-12T17:24:05.794+0000] {processor.py:208} INFO - Processing /home/airflow/.local/lib/python3.12/site-packages/airflow/example_dags/example_dataset_alias.py took 1.718 seconds
[2025-02-12T17:24:36.467+0000] {processor.py:186} INFO - Started process (PID=302) to work on /home/airflow/.local/lib/python3.12/site-packages/airflow/example_dags/example_dataset_alias.py
[2025-02-12T17:24:36.470+0000] {processor.py:914} INFO - Processing file /home/airflow/.local/lib/python3.12/site-packages/airflow/example_dags/example_dataset_alias.py for tasks to queue
[2025-02-12T17:24:36.474+0000] {logging_mixin.py:190} INFO - [2025-02-12T17:24:36.473+0000] {dagbag.py:588} INFO - Filling up the DagBag from /home/airflow/.local/lib/python3.12/site-packages/airflow/example_dags/example_dataset_alias.py
[2025-02-12T17:24:37.381+0000] {processor.py:925} INFO - DAG(s) 'dataset_s3_bucket_producer', 'dataset_s3_bucket_consumer', 'dataset_alias_example_alias_producer', 'dataset_alias_example_alias_consumer' retrieved from /home/airflow/.local/lib/python3.12/site-packages/airflow/example_dags/example_dataset_alias.py
[2025-02-12T17:24:37.439+0000] {logging_mixin.py:190} INFO - [2025-02-12T17:24:37.438+0000] {dag.py:3239} INFO - Sync 4 DAGs
[2025-02-12T17:24:37.483+0000] {logging_mixin.py:190} INFO - [2025-02-12T17:24:37.483+0000] {dag.py:4180} INFO - Setting next_dagrun for dataset_alias_example_alias_consumer to None, run_after=None
[2025-02-12T17:24:37.487+0000] {logging_mixin.py:190} INFO - [2025-02-12T17:24:37.487+0000] {dag.py:4180} INFO - Setting next_dagrun for dataset_alias_example_alias_producer to None, run_after=None
[2025-02-12T17:24:37.493+0000] {logging_mixin.py:190} INFO - [2025-02-12T17:24:37.492+0000] {dag.py:4180} INFO - Setting next_dagrun for dataset_s3_bucket_consumer to None, run_after=None
[2025-02-12T17:24:37.497+0000] {logging_mixin.py:190} INFO - [2025-02-12T17:24:37.497+0000] {dag.py:4180} INFO - Setting next_dagrun for dataset_s3_bucket_producer to None, run_after=None
[2025-02-12T17:24:37.540+0000] {processor.py:208} INFO - Processing /home/airflow/.local/lib/python3.12/site-packages/airflow/example_dags/example_dataset_alias.py took 1.085 seconds
