[2025-02-12T17:22:34.116+0000] {processor.py:186} INFO - Started process (PID=69) to work on /home/airflow/.local/lib/python3.12/site-packages/airflow/example_dags/example_subdag_operator.py
[2025-02-12T17:22:34.117+0000] {processor.py:914} INFO - Processing file /home/airflow/.local/lib/python3.12/site-packages/airflow/example_dags/example_subdag_operator.py for tasks to queue
[2025-02-12T17:22:34.121+0000] {logging_mixin.py:190} INFO - [2025-02-12T17:22:34.120+0000] {dagbag.py:588} INFO - Filling up the DagBag from /home/airflow/.local/lib/python3.12/site-packages/airflow/example_dags/example_subdag_operator.py
[2025-02-12T17:22:34.161+0000] {processor.py:925} INFO - DAG(s) 'example_subdag_operator.section-1', 'example_subdag_operator.section-2', 'example_subdag_operator' retrieved from /home/airflow/.local/lib/python3.12/site-packages/airflow/example_dags/example_subdag_operator.py
[2025-02-12T17:22:34.191+0000] {logging_mixin.py:190} INFO - [2025-02-12T17:22:34.191+0000] {dag.py:3239} INFO - Sync 3 DAGs
[2025-02-12T17:22:34.220+0000] {logging_mixin.py:190} INFO - [2025-02-12T17:22:34.220+0000] {dag.py:4180} INFO - Setting next_dagrun for example_subdag_operator to 2022-01-01 00:00:00+00:00, run_after=2022-01-01 00:00:00+00:00
[2025-02-12T17:22:34.226+0000] {logging_mixin.py:190} INFO - [2025-02-12T17:22:34.226+0000] {dag.py:4180} INFO - Setting next_dagrun for example_subdag_operator.section-1 to None, run_after=None
[2025-02-12T17:22:34.229+0000] {logging_mixin.py:190} INFO - [2025-02-12T17:22:34.229+0000] {dag.py:4180} INFO - Setting next_dagrun for example_subdag_operator.section-2 to None, run_after=None
[2025-02-12T17:22:34.240+0000] {logging_mixin.py:190} INFO - [2025-02-12T17:22:34.240+0000] {dag.py:3239} INFO - Sync 2 DAGs
[2025-02-12T17:22:34.250+0000] {logging_mixin.py:190} INFO - [2025-02-12T17:22:34.250+0000] {dag.py:4180} INFO - Setting next_dagrun for example_subdag_operator.section-1 to None, run_after=None
[2025-02-12T17:22:34.251+0000] {logging_mixin.py:190} INFO - [2025-02-12T17:22:34.251+0000] {dag.py:4180} INFO - Setting next_dagrun for example_subdag_operator.section-2 to None, run_after=None
[2025-02-12T17:22:34.279+0000] {processor.py:208} INFO - Processing /home/airflow/.local/lib/python3.12/site-packages/airflow/example_dags/example_subdag_operator.py took 0.170 seconds
[2025-02-12T17:23:05.631+0000] {processor.py:186} INFO - Started process (PID=132) to work on /home/airflow/.local/lib/python3.12/site-packages/airflow/example_dags/example_subdag_operator.py
[2025-02-12T17:23:05.634+0000] {processor.py:914} INFO - Processing file /home/airflow/.local/lib/python3.12/site-packages/airflow/example_dags/example_subdag_operator.py for tasks to queue
[2025-02-12T17:23:05.640+0000] {logging_mixin.py:190} INFO - [2025-02-12T17:23:05.639+0000] {dagbag.py:588} INFO - Filling up the DagBag from /home/airflow/.local/lib/python3.12/site-packages/airflow/example_dags/example_subdag_operator.py
[2025-02-12T17:23:05.708+0000] {processor.py:925} INFO - DAG(s) 'example_subdag_operator.section-1', 'example_subdag_operator.section-2', 'example_subdag_operator' retrieved from /home/airflow/.local/lib/python3.12/site-packages/airflow/example_dags/example_subdag_operator.py
[2025-02-12T17:23:05.733+0000] {logging_mixin.py:190} INFO - [2025-02-12T17:23:05.733+0000] {dag.py:3239} INFO - Sync 3 DAGs
[2025-02-12T17:23:05.780+0000] {logging_mixin.py:190} INFO - [2025-02-12T17:23:05.780+0000] {dag.py:4180} INFO - Setting next_dagrun for example_subdag_operator to 2022-01-01 00:00:00+00:00, run_after=2022-01-01 00:00:00+00:00
[2025-02-12T17:23:05.788+0000] {logging_mixin.py:190} INFO - [2025-02-12T17:23:05.788+0000] {dag.py:4180} INFO - Setting next_dagrun for example_subdag_operator.section-1 to None, run_after=None
[2025-02-12T17:23:05.792+0000] {logging_mixin.py:190} INFO - [2025-02-12T17:23:05.791+0000] {dag.py:4180} INFO - Setting next_dagrun for example_subdag_operator.section-2 to None, run_after=None
[2025-02-12T17:23:05.804+0000] {logging_mixin.py:190} INFO - [2025-02-12T17:23:05.803+0000] {dag.py:3239} INFO - Sync 2 DAGs
[2025-02-12T17:23:05.814+0000] {logging_mixin.py:190} INFO - [2025-02-12T17:23:05.813+0000] {dag.py:4180} INFO - Setting next_dagrun for example_subdag_operator.section-1 to None, run_after=None
[2025-02-12T17:23:05.815+0000] {logging_mixin.py:190} INFO - [2025-02-12T17:23:05.815+0000] {dag.py:4180} INFO - Setting next_dagrun for example_subdag_operator.section-2 to None, run_after=None
[2025-02-12T17:23:05.833+0000] {processor.py:208} INFO - Processing /home/airflow/.local/lib/python3.12/site-packages/airflow/example_dags/example_subdag_operator.py took 0.217 seconds
[2025-02-12T17:23:36.584+0000] {processor.py:186} INFO - Started process (PID=194) to work on /home/airflow/.local/lib/python3.12/site-packages/airflow/example_dags/example_subdag_operator.py
[2025-02-12T17:23:36.586+0000] {processor.py:914} INFO - Processing file /home/airflow/.local/lib/python3.12/site-packages/airflow/example_dags/example_subdag_operator.py for tasks to queue
[2025-02-12T17:23:36.591+0000] {logging_mixin.py:190} INFO - [2025-02-12T17:23:36.590+0000] {dagbag.py:588} INFO - Filling up the DagBag from /home/airflow/.local/lib/python3.12/site-packages/airflow/example_dags/example_subdag_operator.py
[2025-02-12T17:23:36.633+0000] {processor.py:925} INFO - DAG(s) 'example_subdag_operator.section-1', 'example_subdag_operator.section-2', 'example_subdag_operator' retrieved from /home/airflow/.local/lib/python3.12/site-packages/airflow/example_dags/example_subdag_operator.py
[2025-02-12T17:23:36.661+0000] {logging_mixin.py:190} INFO - [2025-02-12T17:23:36.661+0000] {dag.py:3239} INFO - Sync 3 DAGs
[2025-02-12T17:23:36.700+0000] {logging_mixin.py:190} INFO - [2025-02-12T17:23:36.700+0000] {dag.py:4180} INFO - Setting next_dagrun for example_subdag_operator to 2022-01-01 00:00:00+00:00, run_after=2022-01-01 00:00:00+00:00
[2025-02-12T17:23:36.707+0000] {logging_mixin.py:190} INFO - [2025-02-12T17:23:36.707+0000] {dag.py:4180} INFO - Setting next_dagrun for example_subdag_operator.section-1 to None, run_after=None
[2025-02-12T17:23:36.710+0000] {logging_mixin.py:190} INFO - [2025-02-12T17:23:36.710+0000] {dag.py:4180} INFO - Setting next_dagrun for example_subdag_operator.section-2 to None, run_after=None
[2025-02-12T17:23:36.723+0000] {logging_mixin.py:190} INFO - [2025-02-12T17:23:36.723+0000] {dag.py:3239} INFO - Sync 2 DAGs
[2025-02-12T17:23:36.733+0000] {logging_mixin.py:190} INFO - [2025-02-12T17:23:36.733+0000] {dag.py:4180} INFO - Setting next_dagrun for example_subdag_operator.section-1 to None, run_after=None
[2025-02-12T17:23:36.735+0000] {logging_mixin.py:190} INFO - [2025-02-12T17:23:36.735+0000] {dag.py:4180} INFO - Setting next_dagrun for example_subdag_operator.section-2 to None, run_after=None
[2025-02-12T17:23:36.756+0000] {processor.py:208} INFO - Processing /home/airflow/.local/lib/python3.12/site-packages/airflow/example_dags/example_subdag_operator.py took 0.182 seconds
[2025-02-12T17:24:10.914+0000] {processor.py:186} INFO - Started process (PID=257) to work on /home/airflow/.local/lib/python3.12/site-packages/airflow/example_dags/example_subdag_operator.py
[2025-02-12T17:24:10.916+0000] {processor.py:914} INFO - Processing file /home/airflow/.local/lib/python3.12/site-packages/airflow/example_dags/example_subdag_operator.py for tasks to queue
[2025-02-12T17:24:10.922+0000] {logging_mixin.py:190} INFO - [2025-02-12T17:24:10.921+0000] {dagbag.py:588} INFO - Filling up the DagBag from /home/airflow/.local/lib/python3.12/site-packages/airflow/example_dags/example_subdag_operator.py
[2025-02-12T17:24:10.987+0000] {processor.py:925} INFO - DAG(s) 'example_subdag_operator.section-1', 'example_subdag_operator.section-2', 'example_subdag_operator' retrieved from /home/airflow/.local/lib/python3.12/site-packages/airflow/example_dags/example_subdag_operator.py
[2025-02-12T17:24:11.025+0000] {logging_mixin.py:190} INFO - [2025-02-12T17:24:11.024+0000] {dag.py:3239} INFO - Sync 3 DAGs
[2025-02-12T17:24:11.066+0000] {logging_mixin.py:190} INFO - [2025-02-12T17:24:11.066+0000] {dag.py:4180} INFO - Setting next_dagrun for example_subdag_operator to 2022-01-01 00:00:00+00:00, run_after=2022-01-01 00:00:00+00:00
[2025-02-12T17:24:11.075+0000] {logging_mixin.py:190} INFO - [2025-02-12T17:24:11.074+0000] {dag.py:4180} INFO - Setting next_dagrun for example_subdag_operator.section-1 to None, run_after=None
[2025-02-12T17:24:11.079+0000] {logging_mixin.py:190} INFO - [2025-02-12T17:24:11.079+0000] {dag.py:4180} INFO - Setting next_dagrun for example_subdag_operator.section-2 to None, run_after=None
[2025-02-12T17:24:11.099+0000] {logging_mixin.py:190} INFO - [2025-02-12T17:24:11.098+0000] {dag.py:3239} INFO - Sync 2 DAGs
[2025-02-12T17:24:11.112+0000] {logging_mixin.py:190} INFO - [2025-02-12T17:24:11.112+0000] {dag.py:4180} INFO - Setting next_dagrun for example_subdag_operator.section-1 to None, run_after=None
[2025-02-12T17:24:11.114+0000] {logging_mixin.py:190} INFO - [2025-02-12T17:24:11.114+0000] {dag.py:4180} INFO - Setting next_dagrun for example_subdag_operator.section-2 to None, run_after=None
[2025-02-12T17:24:11.142+0000] {processor.py:208} INFO - Processing /home/airflow/.local/lib/python3.12/site-packages/airflow/example_dags/example_subdag_operator.py took 0.243 seconds
[2025-02-12T17:24:43.799+0000] {processor.py:186} INFO - Started process (PID=327) to work on /home/airflow/.local/lib/python3.12/site-packages/airflow/example_dags/example_subdag_operator.py
[2025-02-12T17:24:43.801+0000] {processor.py:914} INFO - Processing file /home/airflow/.local/lib/python3.12/site-packages/airflow/example_dags/example_subdag_operator.py for tasks to queue
[2025-02-12T17:24:43.807+0000] {logging_mixin.py:190} INFO - [2025-02-12T17:24:43.806+0000] {dagbag.py:588} INFO - Filling up the DagBag from /home/airflow/.local/lib/python3.12/site-packages/airflow/example_dags/example_subdag_operator.py
[2025-02-12T17:24:43.895+0000] {processor.py:925} INFO - DAG(s) 'example_subdag_operator.section-1', 'example_subdag_operator.section-2', 'example_subdag_operator' retrieved from /home/airflow/.local/lib/python3.12/site-packages/airflow/example_dags/example_subdag_operator.py
[2025-02-12T17:24:43.950+0000] {logging_mixin.py:190} INFO - [2025-02-12T17:24:43.949+0000] {dag.py:3239} INFO - Sync 3 DAGs
[2025-02-12T17:24:44.048+0000] {logging_mixin.py:190} INFO - [2025-02-12T17:24:44.047+0000] {dag.py:4180} INFO - Setting next_dagrun for example_subdag_operator to 2022-01-01 00:00:00+00:00, run_after=2022-01-01 00:00:00+00:00
[2025-02-12T17:24:44.063+0000] {logging_mixin.py:190} INFO - [2025-02-12T17:24:44.063+0000] {dag.py:4180} INFO - Setting next_dagrun for example_subdag_operator.section-1 to None, run_after=None
[2025-02-12T17:24:44.069+0000] {logging_mixin.py:190} INFO - [2025-02-12T17:24:44.068+0000] {dag.py:4180} INFO - Setting next_dagrun for example_subdag_operator.section-2 to None, run_after=None
[2025-02-12T17:24:44.091+0000] {logging_mixin.py:190} INFO - [2025-02-12T17:24:44.090+0000] {dag.py:3239} INFO - Sync 2 DAGs
[2025-02-12T17:24:44.106+0000] {logging_mixin.py:190} INFO - [2025-02-12T17:24:44.105+0000] {dag.py:4180} INFO - Setting next_dagrun for example_subdag_operator.section-1 to None, run_after=None
[2025-02-12T17:24:44.108+0000] {logging_mixin.py:190} INFO - [2025-02-12T17:24:44.107+0000] {dag.py:4180} INFO - Setting next_dagrun for example_subdag_operator.section-2 to None, run_after=None
[2025-02-12T17:24:44.144+0000] {processor.py:208} INFO - Processing /home/airflow/.local/lib/python3.12/site-packages/airflow/example_dags/example_subdag_operator.py took 0.365 seconds
