[2025-02-12T17:22:34.903+0000] {processor.py:186} INFO - Started process (PID=75) to work on /home/airflow/.local/lib/python3.12/site-packages/airflow/example_dags/example_skip_dag.py
[2025-02-12T17:22:34.905+0000] {processor.py:914} INFO - Processing file /home/airflow/.local/lib/python3.12/site-packages/airflow/example_dags/example_skip_dag.py for tasks to queue
[2025-02-12T17:22:34.908+0000] {logging_mixin.py:190} INFO - [2025-02-12T17:22:34.908+0000] {dagbag.py:588} INFO - Filling up the DagBag from /home/airflow/.local/lib/python3.12/site-packages/airflow/example_dags/example_skip_dag.py
[2025-02-12T17:22:34.920+0000] {processor.py:925} INFO - DAG(s) 'example_skip_dag' retrieved from /home/airflow/.local/lib/python3.12/site-packages/airflow/example_dags/example_skip_dag.py
[2025-02-12T17:22:34.963+0000] {logging_mixin.py:190} INFO - [2025-02-12T17:22:34.963+0000] {dag.py:3239} INFO - Sync 1 DAGs
[2025-02-12T17:22:34.993+0000] {logging_mixin.py:190} INFO - [2025-02-12T17:22:34.993+0000] {dag.py:4180} INFO - Setting next_dagrun for example_skip_dag to 2025-02-11 00:00:00+00:00, run_after=2025-02-12 00:00:00+00:00
[2025-02-12T17:22:35.020+0000] {processor.py:208} INFO - Processing /home/airflow/.local/lib/python3.12/site-packages/airflow/example_dags/example_skip_dag.py took 0.124 seconds
[2025-02-12T17:23:06.320+0000] {processor.py:186} INFO - Started process (PID=138) to work on /home/airflow/.local/lib/python3.12/site-packages/airflow/example_dags/example_skip_dag.py
[2025-02-12T17:23:06.323+0000] {processor.py:914} INFO - Processing file /home/airflow/.local/lib/python3.12/site-packages/airflow/example_dags/example_skip_dag.py for tasks to queue
[2025-02-12T17:23:06.328+0000] {logging_mixin.py:190} INFO - [2025-02-12T17:23:06.327+0000] {dagbag.py:588} INFO - Filling up the DagBag from /home/airflow/.local/lib/python3.12/site-packages/airflow/example_dags/example_skip_dag.py
[2025-02-12T17:23:06.339+0000] {processor.py:925} INFO - DAG(s) 'example_skip_dag' retrieved from /home/airflow/.local/lib/python3.12/site-packages/airflow/example_dags/example_skip_dag.py
[2025-02-12T17:23:06.374+0000] {logging_mixin.py:190} INFO - [2025-02-12T17:23:06.373+0000] {dag.py:3239} INFO - Sync 1 DAGs
[2025-02-12T17:23:06.408+0000] {logging_mixin.py:190} INFO - [2025-02-12T17:23:06.407+0000] {dag.py:4180} INFO - Setting next_dagrun for example_skip_dag to 2025-02-11 00:00:00+00:00, run_after=2025-02-12 00:00:00+00:00
[2025-02-12T17:23:06.447+0000] {processor.py:208} INFO - Processing /home/airflow/.local/lib/python3.12/site-packages/airflow/example_dags/example_skip_dag.py took 0.135 seconds
[2025-02-12T17:23:37.356+0000] {processor.py:186} INFO - Started process (PID=200) to work on /home/airflow/.local/lib/python3.12/site-packages/airflow/example_dags/example_skip_dag.py
[2025-02-12T17:23:37.359+0000] {processor.py:914} INFO - Processing file /home/airflow/.local/lib/python3.12/site-packages/airflow/example_dags/example_skip_dag.py for tasks to queue
[2025-02-12T17:23:37.365+0000] {logging_mixin.py:190} INFO - [2025-02-12T17:23:37.363+0000] {dagbag.py:588} INFO - Filling up the DagBag from /home/airflow/.local/lib/python3.12/site-packages/airflow/example_dags/example_skip_dag.py
[2025-02-12T17:23:37.396+0000] {processor.py:925} INFO - DAG(s) 'example_skip_dag' retrieved from /home/airflow/.local/lib/python3.12/site-packages/airflow/example_dags/example_skip_dag.py
[2025-02-12T17:23:37.458+0000] {logging_mixin.py:190} INFO - [2025-02-12T17:23:37.457+0000] {dag.py:3239} INFO - Sync 1 DAGs
[2025-02-12T17:23:37.540+0000] {logging_mixin.py:190} INFO - [2025-02-12T17:23:37.539+0000] {dag.py:4180} INFO - Setting next_dagrun for example_skip_dag to 2025-02-11 00:00:00+00:00, run_after=2025-02-12 00:00:00+00:00
[2025-02-12T17:23:37.599+0000] {processor.py:208} INFO - Processing /home/airflow/.local/lib/python3.12/site-packages/airflow/example_dags/example_skip_dag.py took 0.260 seconds
[2025-02-12T17:24:11.764+0000] {processor.py:186} INFO - Started process (PID=263) to work on /home/airflow/.local/lib/python3.12/site-packages/airflow/example_dags/example_skip_dag.py
[2025-02-12T17:24:11.767+0000] {processor.py:914} INFO - Processing file /home/airflow/.local/lib/python3.12/site-packages/airflow/example_dags/example_skip_dag.py for tasks to queue
[2025-02-12T17:24:11.776+0000] {logging_mixin.py:190} INFO - [2025-02-12T17:24:11.775+0000] {dagbag.py:588} INFO - Filling up the DagBag from /home/airflow/.local/lib/python3.12/site-packages/airflow/example_dags/example_skip_dag.py
[2025-02-12T17:24:11.799+0000] {processor.py:925} INFO - DAG(s) 'example_skip_dag' retrieved from /home/airflow/.local/lib/python3.12/site-packages/airflow/example_dags/example_skip_dag.py
[2025-02-12T17:24:11.849+0000] {logging_mixin.py:190} INFO - [2025-02-12T17:24:11.849+0000] {dag.py:3239} INFO - Sync 1 DAGs
[2025-02-12T17:24:11.913+0000] {logging_mixin.py:190} INFO - [2025-02-12T17:24:11.912+0000] {dag.py:4180} INFO - Setting next_dagrun for example_skip_dag to 2025-02-11 00:00:00+00:00, run_after=2025-02-12 00:00:00+00:00
[2025-02-12T17:24:11.968+0000] {processor.py:208} INFO - Processing /home/airflow/.local/lib/python3.12/site-packages/airflow/example_dags/example_skip_dag.py took 0.218 seconds
[2025-02-12T17:24:44.970+0000] {processor.py:186} INFO - Started process (PID=333) to work on /home/airflow/.local/lib/python3.12/site-packages/airflow/example_dags/example_skip_dag.py
[2025-02-12T17:24:44.972+0000] {processor.py:914} INFO - Processing file /home/airflow/.local/lib/python3.12/site-packages/airflow/example_dags/example_skip_dag.py for tasks to queue
[2025-02-12T17:24:44.978+0000] {logging_mixin.py:190} INFO - [2025-02-12T17:24:44.977+0000] {dagbag.py:588} INFO - Filling up the DagBag from /home/airflow/.local/lib/python3.12/site-packages/airflow/example_dags/example_skip_dag.py
[2025-02-12T17:24:44.994+0000] {processor.py:925} INFO - DAG(s) 'example_skip_dag' retrieved from /home/airflow/.local/lib/python3.12/site-packages/airflow/example_dags/example_skip_dag.py
[2025-02-12T17:24:45.037+0000] {logging_mixin.py:190} INFO - [2025-02-12T17:24:45.036+0000] {dag.py:3239} INFO - Sync 1 DAGs
[2025-02-12T17:24:45.098+0000] {logging_mixin.py:190} INFO - [2025-02-12T17:24:45.097+0000] {dag.py:4180} INFO - Setting next_dagrun for example_skip_dag to 2025-02-11 00:00:00+00:00, run_after=2025-02-12 00:00:00+00:00
[2025-02-12T17:24:45.141+0000] {processor.py:208} INFO - Processing /home/airflow/.local/lib/python3.12/site-packages/airflow/example_dags/example_skip_dag.py took 0.183 seconds
