[2025-02-12T17:22:35.312+0000] {processor.py:186} INFO - Started process (PID=78) to work on /home/airflow/.local/lib/python3.12/site-packages/airflow/example_dags/example_branch_operator.py
[2025-02-12T17:22:35.314+0000] {processor.py:914} INFO - Processing file /home/airflow/.local/lib/python3.12/site-packages/airflow/example_dags/example_branch_operator.py for tasks to queue
[2025-02-12T17:22:35.320+0000] {logging_mixin.py:190} INFO - [2025-02-12T17:22:35.319+0000] {dagbag.py:588} INFO - Filling up the DagBag from /home/airflow/.local/lib/python3.12/site-packages/airflow/example_dags/example_branch_operator.py
[2025-02-12T17:22:35.345+0000] {processor.py:925} INFO - DAG(s) 'example_branch_operator' retrieved from /home/airflow/.local/lib/python3.12/site-packages/airflow/example_dags/example_branch_operator.py
[2025-02-12T17:22:35.550+0000] {logging_mixin.py:190} INFO - [2025-02-12T17:22:35.549+0000] {dag.py:3239} INFO - Sync 1 DAGs
[2025-02-12T17:22:35.588+0000] {logging_mixin.py:190} INFO - [2025-02-12T17:22:35.588+0000] {dag.py:4180} INFO - Setting next_dagrun for example_branch_operator to 2025-02-11 00:00:00+00:00, run_after=2025-02-12 00:00:00+00:00
[2025-02-12T17:22:35.652+0000] {processor.py:208} INFO - Processing /home/airflow/.local/lib/python3.12/site-packages/airflow/example_dags/example_branch_operator.py took 0.348 seconds
[2025-02-12T17:23:06.540+0000] {processor.py:186} INFO - Started process (PID=141) to work on /home/airflow/.local/lib/python3.12/site-packages/airflow/example_dags/example_branch_operator.py
[2025-02-12T17:23:06.543+0000] {processor.py:914} INFO - Processing file /home/airflow/.local/lib/python3.12/site-packages/airflow/example_dags/example_branch_operator.py for tasks to queue
[2025-02-12T17:23:06.548+0000] {logging_mixin.py:190} INFO - [2025-02-12T17:23:06.548+0000] {dagbag.py:588} INFO - Filling up the DagBag from /home/airflow/.local/lib/python3.12/site-packages/airflow/example_dags/example_branch_operator.py
[2025-02-12T17:23:06.572+0000] {processor.py:925} INFO - DAG(s) 'example_branch_operator' retrieved from /home/airflow/.local/lib/python3.12/site-packages/airflow/example_dags/example_branch_operator.py
[2025-02-12T17:23:06.619+0000] {logging_mixin.py:190} INFO - [2025-02-12T17:23:06.619+0000] {dag.py:3239} INFO - Sync 1 DAGs
[2025-02-12T17:23:06.662+0000] {logging_mixin.py:190} INFO - [2025-02-12T17:23:06.662+0000] {dag.py:4180} INFO - Setting next_dagrun for example_branch_operator to 2025-02-11 00:00:00+00:00, run_after=2025-02-12 00:00:00+00:00
[2025-02-12T17:23:06.703+0000] {processor.py:208} INFO - Processing /home/airflow/.local/lib/python3.12/site-packages/airflow/example_dags/example_branch_operator.py took 0.171 seconds
[2025-02-12T17:23:37.773+0000] {processor.py:186} INFO - Started process (PID=203) to work on /home/airflow/.local/lib/python3.12/site-packages/airflow/example_dags/example_branch_operator.py
[2025-02-12T17:23:37.775+0000] {processor.py:914} INFO - Processing file /home/airflow/.local/lib/python3.12/site-packages/airflow/example_dags/example_branch_operator.py for tasks to queue
[2025-02-12T17:23:37.780+0000] {logging_mixin.py:190} INFO - [2025-02-12T17:23:37.779+0000] {dagbag.py:588} INFO - Filling up the DagBag from /home/airflow/.local/lib/python3.12/site-packages/airflow/example_dags/example_branch_operator.py
[2025-02-12T17:23:37.849+0000] {processor.py:925} INFO - DAG(s) 'example_branch_operator' retrieved from /home/airflow/.local/lib/python3.12/site-packages/airflow/example_dags/example_branch_operator.py
[2025-02-12T17:23:37.939+0000] {logging_mixin.py:190} INFO - [2025-02-12T17:23:37.938+0000] {dag.py:3239} INFO - Sync 1 DAGs
[2025-02-12T17:23:38.026+0000] {logging_mixin.py:190} INFO - [2025-02-12T17:23:38.025+0000] {dag.py:4180} INFO - Setting next_dagrun for example_branch_operator to 2025-02-11 00:00:00+00:00, run_after=2025-02-12 00:00:00+00:00
[2025-02-12T17:23:38.066+0000] {processor.py:208} INFO - Processing /home/airflow/.local/lib/python3.12/site-packages/airflow/example_dags/example_branch_operator.py took 0.313 seconds
[2025-02-12T17:24:12.104+0000] {processor.py:186} INFO - Started process (PID=273) to work on /home/airflow/.local/lib/python3.12/site-packages/airflow/example_dags/example_branch_operator.py
[2025-02-12T17:24:12.107+0000] {processor.py:914} INFO - Processing file /home/airflow/.local/lib/python3.12/site-packages/airflow/example_dags/example_branch_operator.py for tasks to queue
[2025-02-12T17:24:12.113+0000] {logging_mixin.py:190} INFO - [2025-02-12T17:24:12.112+0000] {dagbag.py:588} INFO - Filling up the DagBag from /home/airflow/.local/lib/python3.12/site-packages/airflow/example_dags/example_branch_operator.py
[2025-02-12T17:24:12.180+0000] {processor.py:925} INFO - DAG(s) 'example_branch_operator' retrieved from /home/airflow/.local/lib/python3.12/site-packages/airflow/example_dags/example_branch_operator.py
[2025-02-12T17:24:12.264+0000] {logging_mixin.py:190} INFO - [2025-02-12T17:24:12.264+0000] {dag.py:3239} INFO - Sync 1 DAGs
[2025-02-12T17:24:12.318+0000] {logging_mixin.py:190} INFO - [2025-02-12T17:24:12.318+0000] {dag.py:4180} INFO - Setting next_dagrun for example_branch_operator to 2025-02-11 00:00:00+00:00, run_after=2025-02-12 00:00:00+00:00
[2025-02-12T17:24:12.374+0000] {processor.py:208} INFO - Processing /home/airflow/.local/lib/python3.12/site-packages/airflow/example_dags/example_branch_operator.py took 0.285 seconds
[2025-02-12T17:24:45.521+0000] {processor.py:186} INFO - Started process (PID=336) to work on /home/airflow/.local/lib/python3.12/site-packages/airflow/example_dags/example_branch_operator.py
[2025-02-12T17:24:45.524+0000] {processor.py:914} INFO - Processing file /home/airflow/.local/lib/python3.12/site-packages/airflow/example_dags/example_branch_operator.py for tasks to queue
[2025-02-12T17:24:45.531+0000] {logging_mixin.py:190} INFO - [2025-02-12T17:24:45.529+0000] {dagbag.py:588} INFO - Filling up the DagBag from /home/airflow/.local/lib/python3.12/site-packages/airflow/example_dags/example_branch_operator.py
[2025-02-12T17:24:45.566+0000] {processor.py:925} INFO - DAG(s) 'example_branch_operator' retrieved from /home/airflow/.local/lib/python3.12/site-packages/airflow/example_dags/example_branch_operator.py
[2025-02-12T17:24:45.636+0000] {logging_mixin.py:190} INFO - [2025-02-12T17:24:45.635+0000] {dag.py:3239} INFO - Sync 1 DAGs
[2025-02-12T17:24:45.687+0000] {logging_mixin.py:190} INFO - [2025-02-12T17:24:45.686+0000] {dag.py:4180} INFO - Setting next_dagrun for example_branch_operator to 2025-02-11 00:00:00+00:00, run_after=2025-02-12 00:00:00+00:00
[2025-02-12T17:24:45.729+0000] {processor.py:208} INFO - Processing /home/airflow/.local/lib/python3.12/site-packages/airflow/example_dags/example_branch_operator.py took 0.228 seconds
