[2025-02-12T17:22:35.964+0000] {processor.py:186} INFO - Started process (PID=81) to work on /home/airflow/.local/lib/python3.12/site-packages/airflow/example_dags/example_python_decorator.py
[2025-02-12T17:22:35.965+0000] {processor.py:914} INFO - Processing file /home/airflow/.local/lib/python3.12/site-packages/airflow/example_dags/example_python_decorator.py for tasks to queue
[2025-02-12T17:22:35.969+0000] {logging_mixin.py:190} INFO - [2025-02-12T17:22:35.969+0000] {dagbag.py:588} INFO - Filling up the DagBag from /home/airflow/.local/lib/python3.12/site-packages/airflow/example_dags/example_python_decorator.py
[2025-02-12T17:22:35.991+0000] {processor.py:925} INFO - DAG(s) 'example_python_decorator' retrieved from /home/airflow/.local/lib/python3.12/site-packages/airflow/example_dags/example_python_decorator.py
[2025-02-12T17:22:36.208+0000] {logging_mixin.py:190} INFO - [2025-02-12T17:22:36.208+0000] {dag.py:3239} INFO - Sync 1 DAGs
[2025-02-12T17:22:36.227+0000] {logging_mixin.py:190} INFO - [2025-02-12T17:22:36.227+0000] {dag.py:4180} INFO - Setting next_dagrun for example_python_decorator to None, run_after=None
[2025-02-12T17:22:36.261+0000] {processor.py:208} INFO - Processing /home/airflow/.local/lib/python3.12/site-packages/airflow/example_dags/example_python_decorator.py took 0.306 seconds
[2025-02-12T17:23:07.080+0000] {processor.py:186} INFO - Started process (PID=144) to work on /home/airflow/.local/lib/python3.12/site-packages/airflow/example_dags/example_python_decorator.py
[2025-02-12T17:23:07.083+0000] {processor.py:914} INFO - Processing file /home/airflow/.local/lib/python3.12/site-packages/airflow/example_dags/example_python_decorator.py for tasks to queue
[2025-02-12T17:23:07.089+0000] {logging_mixin.py:190} INFO - [2025-02-12T17:23:07.088+0000] {dagbag.py:588} INFO - Filling up the DagBag from /home/airflow/.local/lib/python3.12/site-packages/airflow/example_dags/example_python_decorator.py
[2025-02-12T17:23:07.130+0000] {processor.py:925} INFO - DAG(s) 'example_python_decorator' retrieved from /home/airflow/.local/lib/python3.12/site-packages/airflow/example_dags/example_python_decorator.py
[2025-02-12T17:23:07.201+0000] {logging_mixin.py:190} INFO - [2025-02-12T17:23:07.201+0000] {dag.py:3239} INFO - Sync 1 DAGs
[2025-02-12T17:23:07.243+0000] {logging_mixin.py:190} INFO - [2025-02-12T17:23:07.243+0000] {dag.py:4180} INFO - Setting next_dagrun for example_python_decorator to None, run_after=None
[2025-02-12T17:23:07.295+0000] {processor.py:208} INFO - Processing /home/airflow/.local/lib/python3.12/site-packages/airflow/example_dags/example_python_decorator.py took 0.224 seconds
[2025-02-12T17:23:38.251+0000] {processor.py:186} INFO - Started process (PID=206) to work on /home/airflow/.local/lib/python3.12/site-packages/airflow/example_dags/example_python_decorator.py
[2025-02-12T17:23:38.253+0000] {processor.py:914} INFO - Processing file /home/airflow/.local/lib/python3.12/site-packages/airflow/example_dags/example_python_decorator.py for tasks to queue
[2025-02-12T17:23:38.258+0000] {logging_mixin.py:190} INFO - [2025-02-12T17:23:38.257+0000] {dagbag.py:588} INFO - Filling up the DagBag from /home/airflow/.local/lib/python3.12/site-packages/airflow/example_dags/example_python_decorator.py
[2025-02-12T17:23:38.284+0000] {processor.py:925} INFO - DAG(s) 'example_python_decorator' retrieved from /home/airflow/.local/lib/python3.12/site-packages/airflow/example_dags/example_python_decorator.py
[2025-02-12T17:23:38.319+0000] {logging_mixin.py:190} INFO - [2025-02-12T17:23:38.318+0000] {dag.py:3239} INFO - Sync 1 DAGs
[2025-02-12T17:23:38.352+0000] {logging_mixin.py:190} INFO - [2025-02-12T17:23:38.351+0000] {dag.py:4180} INFO - Setting next_dagrun for example_python_decorator to None, run_after=None
[2025-02-12T17:23:38.398+0000] {processor.py:208} INFO - Processing /home/airflow/.local/lib/python3.12/site-packages/airflow/example_dags/example_python_decorator.py took 0.156 seconds
[2025-02-12T17:24:12.641+0000] {processor.py:186} INFO - Started process (PID=276) to work on /home/airflow/.local/lib/python3.12/site-packages/airflow/example_dags/example_python_decorator.py
[2025-02-12T17:24:12.644+0000] {processor.py:914} INFO - Processing file /home/airflow/.local/lib/python3.12/site-packages/airflow/example_dags/example_python_decorator.py for tasks to queue
[2025-02-12T17:24:12.650+0000] {logging_mixin.py:190} INFO - [2025-02-12T17:24:12.649+0000] {dagbag.py:588} INFO - Filling up the DagBag from /home/airflow/.local/lib/python3.12/site-packages/airflow/example_dags/example_python_decorator.py
[2025-02-12T17:24:12.681+0000] {processor.py:925} INFO - DAG(s) 'example_python_decorator' retrieved from /home/airflow/.local/lib/python3.12/site-packages/airflow/example_dags/example_python_decorator.py
[2025-02-12T17:24:12.729+0000] {logging_mixin.py:190} INFO - [2025-02-12T17:24:12.728+0000] {dag.py:3239} INFO - Sync 1 DAGs
[2025-02-12T17:24:12.764+0000] {logging_mixin.py:190} INFO - [2025-02-12T17:24:12.763+0000] {dag.py:4180} INFO - Setting next_dagrun for example_python_decorator to None, run_after=None
[2025-02-12T17:24:12.805+0000] {processor.py:208} INFO - Processing /home/airflow/.local/lib/python3.12/site-packages/airflow/example_dags/example_python_decorator.py took 0.173 seconds
[2025-02-12T17:24:46.204+0000] {processor.py:186} INFO - Started process (PID=339) to work on /home/airflow/.local/lib/python3.12/site-packages/airflow/example_dags/example_python_decorator.py
[2025-02-12T17:24:46.207+0000] {processor.py:914} INFO - Processing file /home/airflow/.local/lib/python3.12/site-packages/airflow/example_dags/example_python_decorator.py for tasks to queue
[2025-02-12T17:24:46.213+0000] {logging_mixin.py:190} INFO - [2025-02-12T17:24:46.212+0000] {dagbag.py:588} INFO - Filling up the DagBag from /home/airflow/.local/lib/python3.12/site-packages/airflow/example_dags/example_python_decorator.py
[2025-02-12T17:24:46.246+0000] {processor.py:925} INFO - DAG(s) 'example_python_decorator' retrieved from /home/airflow/.local/lib/python3.12/site-packages/airflow/example_dags/example_python_decorator.py
[2025-02-12T17:24:46.314+0000] {logging_mixin.py:190} INFO - [2025-02-12T17:24:46.313+0000] {dag.py:3239} INFO - Sync 1 DAGs
[2025-02-12T17:24:46.339+0000] {logging_mixin.py:190} INFO - [2025-02-12T17:24:46.339+0000] {dag.py:4180} INFO - Setting next_dagrun for example_python_decorator to None, run_after=None
[2025-02-12T17:24:46.405+0000] {processor.py:208} INFO - Processing /home/airflow/.local/lib/python3.12/site-packages/airflow/example_dags/example_python_decorator.py took 0.211 seconds
