[2025-02-12T17:22:37.537+0000] {processor.py:186} INFO - Started process (PID=89) to work on /home/airflow/.local/lib/python3.12/site-packages/airflow/example_dags/example_latest_only.py
[2025-02-12T17:22:37.539+0000] {processor.py:914} INFO - Processing file /home/airflow/.local/lib/python3.12/site-packages/airflow/example_dags/example_latest_only.py for tasks to queue
[2025-02-12T17:22:37.546+0000] {logging_mixin.py:190} INFO - [2025-02-12T17:22:37.545+0000] {dagbag.py:588} INFO - Filling up the DagBag from /home/airflow/.local/lib/python3.12/site-packages/airflow/example_dags/example_latest_only.py
[2025-02-12T17:22:37.562+0000] {processor.py:925} INFO - DAG(s) 'latest_only' retrieved from /home/airflow/.local/lib/python3.12/site-packages/airflow/example_dags/example_latest_only.py
[2025-02-12T17:22:37.600+0000] {logging_mixin.py:190} INFO - [2025-02-12T17:22:37.600+0000] {dag.py:3239} INFO - Sync 1 DAGs
[2025-02-12T17:22:37.643+0000] {logging_mixin.py:190} INFO - [2025-02-12T17:22:37.642+0000] {dag.py:4180} INFO - Setting next_dagrun for latest_only to 2025-02-12 12:00:00+00:00, run_after=2025-02-12 16:00:00+00:00
[2025-02-12T17:22:37.687+0000] {processor.py:208} INFO - Processing /home/airflow/.local/lib/python3.12/site-packages/airflow/example_dags/example_latest_only.py took 0.157 seconds
[2025-02-12T17:23:08.087+0000] {processor.py:186} INFO - Started process (PID=152) to work on /home/airflow/.local/lib/python3.12/site-packages/airflow/example_dags/example_latest_only.py
[2025-02-12T17:23:08.091+0000] {processor.py:914} INFO - Processing file /home/airflow/.local/lib/python3.12/site-packages/airflow/example_dags/example_latest_only.py for tasks to queue
[2025-02-12T17:23:08.097+0000] {logging_mixin.py:190} INFO - [2025-02-12T17:23:08.096+0000] {dagbag.py:588} INFO - Filling up the DagBag from /home/airflow/.local/lib/python3.12/site-packages/airflow/example_dags/example_latest_only.py
[2025-02-12T17:23:08.107+0000] {processor.py:925} INFO - DAG(s) 'latest_only' retrieved from /home/airflow/.local/lib/python3.12/site-packages/airflow/example_dags/example_latest_only.py
[2025-02-12T17:23:08.147+0000] {logging_mixin.py:190} INFO - [2025-02-12T17:23:08.147+0000] {dag.py:3239} INFO - Sync 1 DAGs
[2025-02-12T17:23:08.186+0000] {logging_mixin.py:190} INFO - [2025-02-12T17:23:08.186+0000] {dag.py:4180} INFO - Setting next_dagrun for latest_only to 2025-02-12 12:00:00+00:00, run_after=2025-02-12 16:00:00+00:00
[2025-02-12T17:23:08.217+0000] {processor.py:208} INFO - Processing /home/airflow/.local/lib/python3.12/site-packages/airflow/example_dags/example_latest_only.py took 0.140 seconds
[2025-02-12T17:23:39.502+0000] {processor.py:186} INFO - Started process (PID=214) to work on /home/airflow/.local/lib/python3.12/site-packages/airflow/example_dags/example_latest_only.py
[2025-02-12T17:23:39.504+0000] {processor.py:914} INFO - Processing file /home/airflow/.local/lib/python3.12/site-packages/airflow/example_dags/example_latest_only.py for tasks to queue
[2025-02-12T17:23:39.509+0000] {logging_mixin.py:190} INFO - [2025-02-12T17:23:39.508+0000] {dagbag.py:588} INFO - Filling up the DagBag from /home/airflow/.local/lib/python3.12/site-packages/airflow/example_dags/example_latest_only.py
[2025-02-12T17:23:39.523+0000] {processor.py:925} INFO - DAG(s) 'latest_only' retrieved from /home/airflow/.local/lib/python3.12/site-packages/airflow/example_dags/example_latest_only.py
[2025-02-12T17:23:39.565+0000] {logging_mixin.py:190} INFO - [2025-02-12T17:23:39.564+0000] {dag.py:3239} INFO - Sync 1 DAGs
[2025-02-12T17:23:39.609+0000] {logging_mixin.py:190} INFO - [2025-02-12T17:23:39.608+0000] {dag.py:4180} INFO - Setting next_dagrun for latest_only to 2025-02-12 12:00:00+00:00, run_after=2025-02-12 16:00:00+00:00
[2025-02-12T17:23:39.642+0000] {processor.py:208} INFO - Processing /home/airflow/.local/lib/python3.12/site-packages/airflow/example_dags/example_latest_only.py took 0.150 seconds
[2025-02-12T17:24:13.852+0000] {processor.py:186} INFO - Started process (PID=284) to work on /home/airflow/.local/lib/python3.12/site-packages/airflow/example_dags/example_latest_only.py
[2025-02-12T17:24:13.856+0000] {processor.py:914} INFO - Processing file /home/airflow/.local/lib/python3.12/site-packages/airflow/example_dags/example_latest_only.py for tasks to queue
[2025-02-12T17:24:13.863+0000] {logging_mixin.py:190} INFO - [2025-02-12T17:24:13.862+0000] {dagbag.py:588} INFO - Filling up the DagBag from /home/airflow/.local/lib/python3.12/site-packages/airflow/example_dags/example_latest_only.py
[2025-02-12T17:24:13.875+0000] {processor.py:925} INFO - DAG(s) 'latest_only' retrieved from /home/airflow/.local/lib/python3.12/site-packages/airflow/example_dags/example_latest_only.py
[2025-02-12T17:24:13.914+0000] {logging_mixin.py:190} INFO - [2025-02-12T17:24:13.913+0000] {dag.py:3239} INFO - Sync 1 DAGs
[2025-02-12T17:24:13.962+0000] {logging_mixin.py:190} INFO - [2025-02-12T17:24:13.961+0000] {dag.py:4180} INFO - Setting next_dagrun for latest_only to 2025-02-12 12:00:00+00:00, run_after=2025-02-12 16:00:00+00:00
[2025-02-12T17:24:14.000+0000] {processor.py:208} INFO - Processing /home/airflow/.local/lib/python3.12/site-packages/airflow/example_dags/example_latest_only.py took 0.159 seconds
[2025-02-12T17:24:47.979+0000] {processor.py:186} INFO - Started process (PID=347) to work on /home/airflow/.local/lib/python3.12/site-packages/airflow/example_dags/example_latest_only.py
[2025-02-12T17:24:47.981+0000] {processor.py:914} INFO - Processing file /home/airflow/.local/lib/python3.12/site-packages/airflow/example_dags/example_latest_only.py for tasks to queue
[2025-02-12T17:24:47.986+0000] {logging_mixin.py:190} INFO - [2025-02-12T17:24:47.985+0000] {dagbag.py:588} INFO - Filling up the DagBag from /home/airflow/.local/lib/python3.12/site-packages/airflow/example_dags/example_latest_only.py
[2025-02-12T17:24:48.002+0000] {processor.py:925} INFO - DAG(s) 'latest_only' retrieved from /home/airflow/.local/lib/python3.12/site-packages/airflow/example_dags/example_latest_only.py
[2025-02-12T17:24:48.042+0000] {logging_mixin.py:190} INFO - [2025-02-12T17:24:48.041+0000] {dag.py:3239} INFO - Sync 1 DAGs
[2025-02-12T17:24:48.125+0000] {logging_mixin.py:190} INFO - [2025-02-12T17:24:48.124+0000] {dag.py:4180} INFO - Setting next_dagrun for latest_only to 2025-02-12 12:00:00+00:00, run_after=2025-02-12 16:00:00+00:00
[2025-02-12T17:24:48.179+0000] {processor.py:208} INFO - Processing /home/airflow/.local/lib/python3.12/site-packages/airflow/example_dags/example_latest_only.py took 0.215 seconds
