[2025-02-12T17:22:37.982+0000] {processor.py:186} INFO - Started process (PID=92) to work on /home/airflow/.local/lib/python3.12/site-packages/airflow/example_dags/example_branch_python_dop_operator_3.py
[2025-02-12T17:22:37.984+0000] {processor.py:914} INFO - Processing file /home/airflow/.local/lib/python3.12/site-packages/airflow/example_dags/example_branch_python_dop_operator_3.py for tasks to queue
[2025-02-12T17:22:37.992+0000] {logging_mixin.py:190} INFO - [2025-02-12T17:22:37.991+0000] {dagbag.py:588} INFO - Filling up the DagBag from /home/airflow/.local/lib/python3.12/site-packages/airflow/example_dags/example_branch_python_dop_operator_3.py
[2025-02-12T17:22:38.011+0000] {processor.py:925} INFO - DAG(s) 'example_branch_dop_operator_v3' retrieved from /home/airflow/.local/lib/python3.12/site-packages/airflow/example_dags/example_branch_python_dop_operator_3.py
[2025-02-12T17:22:38.057+0000] {logging_mixin.py:190} INFO - [2025-02-12T17:22:38.057+0000] {dag.py:3239} INFO - Sync 1 DAGs
[2025-02-12T17:22:38.104+0000] {logging_mixin.py:190} INFO - [2025-02-12T17:22:38.103+0000] {dag.py:4180} INFO - Setting next_dagrun for example_branch_dop_operator_v3 to 2025-02-12 17:21:00+00:00, run_after=2025-02-12 17:22:00+00:00
[2025-02-12T17:22:38.132+0000] {processor.py:208} INFO - Processing /home/airflow/.local/lib/python3.12/site-packages/airflow/example_dags/example_branch_python_dop_operator_3.py took 0.158 seconds
[2025-02-12T17:23:08.587+0000] {processor.py:186} INFO - Started process (PID=155) to work on /home/airflow/.local/lib/python3.12/site-packages/airflow/example_dags/example_branch_python_dop_operator_3.py
[2025-02-12T17:23:08.595+0000] {processor.py:914} INFO - Processing file /home/airflow/.local/lib/python3.12/site-packages/airflow/example_dags/example_branch_python_dop_operator_3.py for tasks to queue
[2025-02-12T17:23:08.601+0000] {logging_mixin.py:190} INFO - [2025-02-12T17:23:08.601+0000] {dagbag.py:588} INFO - Filling up the DagBag from /home/airflow/.local/lib/python3.12/site-packages/airflow/example_dags/example_branch_python_dop_operator_3.py
[2025-02-12T17:23:08.630+0000] {processor.py:925} INFO - DAG(s) 'example_branch_dop_operator_v3' retrieved from /home/airflow/.local/lib/python3.12/site-packages/airflow/example_dags/example_branch_python_dop_operator_3.py
[2025-02-12T17:23:08.719+0000] {logging_mixin.py:190} INFO - [2025-02-12T17:23:08.718+0000] {dag.py:3239} INFO - Sync 1 DAGs
[2025-02-12T17:23:08.772+0000] {logging_mixin.py:190} INFO - [2025-02-12T17:23:08.772+0000] {dag.py:4180} INFO - Setting next_dagrun for example_branch_dop_operator_v3 to 2025-02-12 17:22:00+00:00, run_after=2025-02-12 17:23:00+00:00
[2025-02-12T17:23:08.802+0000] {processor.py:208} INFO - Processing /home/airflow/.local/lib/python3.12/site-packages/airflow/example_dags/example_branch_python_dop_operator_3.py took 0.229 seconds
[2025-02-12T17:23:39.836+0000] {processor.py:186} INFO - Started process (PID=217) to work on /home/airflow/.local/lib/python3.12/site-packages/airflow/example_dags/example_branch_python_dop_operator_3.py
[2025-02-12T17:23:39.838+0000] {processor.py:914} INFO - Processing file /home/airflow/.local/lib/python3.12/site-packages/airflow/example_dags/example_branch_python_dop_operator_3.py for tasks to queue
[2025-02-12T17:23:39.844+0000] {logging_mixin.py:190} INFO - [2025-02-12T17:23:39.843+0000] {dagbag.py:588} INFO - Filling up the DagBag from /home/airflow/.local/lib/python3.12/site-packages/airflow/example_dags/example_branch_python_dop_operator_3.py
[2025-02-12T17:23:39.863+0000] {processor.py:925} INFO - DAG(s) 'example_branch_dop_operator_v3' retrieved from /home/airflow/.local/lib/python3.12/site-packages/airflow/example_dags/example_branch_python_dop_operator_3.py
[2025-02-12T17:23:39.907+0000] {logging_mixin.py:190} INFO - [2025-02-12T17:23:39.906+0000] {dag.py:3239} INFO - Sync 1 DAGs
[2025-02-12T17:23:39.970+0000] {logging_mixin.py:190} INFO - [2025-02-12T17:23:39.970+0000] {dag.py:4180} INFO - Setting next_dagrun for example_branch_dop_operator_v3 to 2025-02-12 17:22:00+00:00, run_after=2025-02-12 17:23:00+00:00
[2025-02-12T17:23:40.028+0000] {processor.py:208} INFO - Processing /home/airflow/.local/lib/python3.12/site-packages/airflow/example_dags/example_branch_python_dop_operator_3.py took 0.202 seconds
[2025-02-12T17:24:14.267+0000] {processor.py:186} INFO - Started process (PID=287) to work on /home/airflow/.local/lib/python3.12/site-packages/airflow/example_dags/example_branch_python_dop_operator_3.py
[2025-02-12T17:24:14.270+0000] {processor.py:914} INFO - Processing file /home/airflow/.local/lib/python3.12/site-packages/airflow/example_dags/example_branch_python_dop_operator_3.py for tasks to queue
[2025-02-12T17:24:14.274+0000] {logging_mixin.py:190} INFO - [2025-02-12T17:24:14.274+0000] {dagbag.py:588} INFO - Filling up the DagBag from /home/airflow/.local/lib/python3.12/site-packages/airflow/example_dags/example_branch_python_dop_operator_3.py
[2025-02-12T17:24:14.288+0000] {processor.py:925} INFO - DAG(s) 'example_branch_dop_operator_v3' retrieved from /home/airflow/.local/lib/python3.12/site-packages/airflow/example_dags/example_branch_python_dop_operator_3.py
[2025-02-12T17:24:14.326+0000] {logging_mixin.py:190} INFO - [2025-02-12T17:24:14.325+0000] {dag.py:3239} INFO - Sync 1 DAGs
[2025-02-12T17:24:14.368+0000] {logging_mixin.py:190} INFO - [2025-02-12T17:24:14.368+0000] {dag.py:4180} INFO - Setting next_dagrun for example_branch_dop_operator_v3 to 2025-02-12 17:23:00+00:00, run_after=2025-02-12 17:24:00+00:00
[2025-02-12T17:24:14.407+0000] {processor.py:208} INFO - Processing /home/airflow/.local/lib/python3.12/site-packages/airflow/example_dags/example_branch_python_dop_operator_3.py took 0.149 seconds
[2025-02-12T17:24:48.333+0000] {processor.py:186} INFO - Started process (PID=350) to work on /home/airflow/.local/lib/python3.12/site-packages/airflow/example_dags/example_branch_python_dop_operator_3.py
[2025-02-12T17:24:48.335+0000] {processor.py:914} INFO - Processing file /home/airflow/.local/lib/python3.12/site-packages/airflow/example_dags/example_branch_python_dop_operator_3.py for tasks to queue
[2025-02-12T17:24:48.342+0000] {logging_mixin.py:190} INFO - [2025-02-12T17:24:48.342+0000] {dagbag.py:588} INFO - Filling up the DagBag from /home/airflow/.local/lib/python3.12/site-packages/airflow/example_dags/example_branch_python_dop_operator_3.py
[2025-02-12T17:24:48.360+0000] {processor.py:925} INFO - DAG(s) 'example_branch_dop_operator_v3' retrieved from /home/airflow/.local/lib/python3.12/site-packages/airflow/example_dags/example_branch_python_dop_operator_3.py
[2025-02-12T17:24:48.407+0000] {logging_mixin.py:190} INFO - [2025-02-12T17:24:48.407+0000] {dag.py:3239} INFO - Sync 1 DAGs
[2025-02-12T17:24:48.466+0000] {logging_mixin.py:190} INFO - [2025-02-12T17:24:48.465+0000] {dag.py:4180} INFO - Setting next_dagrun for example_branch_dop_operator_v3 to 2025-02-12 17:23:00+00:00, run_after=2025-02-12 17:24:00+00:00
[2025-02-12T17:24:48.516+0000] {processor.py:208} INFO - Processing /home/airflow/.local/lib/python3.12/site-packages/airflow/example_dags/example_branch_python_dop_operator_3.py took 0.192 seconds
