[2025-02-12T17:22:25.705+0000] {processor.py:186} INFO - Started process (PID=46) to work on /home/airflow/.local/lib/python3.12/site-packages/airflow/example_dags/example_sla_dag.py
[2025-02-12T17:22:25.708+0000] {processor.py:914} INFO - Processing file /home/airflow/.local/lib/python3.12/site-packages/airflow/example_dags/example_sla_dag.py for tasks to queue
[2025-02-12T17:22:25.714+0000] {logging_mixin.py:190} INFO - [2025-02-12T17:22:25.713+0000] {dagbag.py:588} INFO - Filling up the DagBag from /home/airflow/.local/lib/python3.12/site-packages/airflow/example_dags/example_sla_dag.py
[2025-02-12T17:22:25.737+0000] {processor.py:925} INFO - DAG(s) 'example_sla_dag' retrieved from /home/airflow/.local/lib/python3.12/site-packages/airflow/example_dags/example_sla_dag.py
[2025-02-12T17:22:25.836+0000] {logging_mixin.py:190} INFO - [2025-02-12T17:22:25.835+0000] {dag.py:3239} INFO - Sync 1 DAGs
[2025-02-12T17:22:25.933+0000] {logging_mixin.py:190} INFO - [2025-02-12T17:22:25.933+0000] {dag.py:4180} INFO - Setting next_dagrun for example_sla_dag to 2025-02-12 17:20:00+00:00, run_after=2025-02-12 17:22:00+00:00
[2025-02-12T17:22:25.991+0000] {processor.py:208} INFO - Processing /home/airflow/.local/lib/python3.12/site-packages/airflow/example_dags/example_sla_dag.py took 0.296 seconds
[2025-02-12T17:22:56.730+0000] {processor.py:186} INFO - Started process (PID=109) to work on /home/airflow/.local/lib/python3.12/site-packages/airflow/example_dags/example_sla_dag.py
[2025-02-12T17:22:56.732+0000] {processor.py:914} INFO - Processing file /home/airflow/.local/lib/python3.12/site-packages/airflow/example_dags/example_sla_dag.py for tasks to queue
[2025-02-12T17:22:56.739+0000] {logging_mixin.py:190} INFO - [2025-02-12T17:22:56.738+0000] {dagbag.py:588} INFO - Filling up the DagBag from /home/airflow/.local/lib/python3.12/site-packages/airflow/example_dags/example_sla_dag.py
[2025-02-12T17:22:56.764+0000] {processor.py:925} INFO - DAG(s) 'example_sla_dag' retrieved from /home/airflow/.local/lib/python3.12/site-packages/airflow/example_dags/example_sla_dag.py
[2025-02-12T17:22:56.815+0000] {logging_mixin.py:190} INFO - [2025-02-12T17:22:56.814+0000] {dag.py:3239} INFO - Sync 1 DAGs
[2025-02-12T17:22:56.873+0000] {logging_mixin.py:190} INFO - [2025-02-12T17:22:56.872+0000] {dag.py:4180} INFO - Setting next_dagrun for example_sla_dag to 2025-02-12 17:20:00+00:00, run_after=2025-02-12 17:22:00+00:00
[2025-02-12T17:22:56.929+0000] {processor.py:208} INFO - Processing /home/airflow/.local/lib/python3.12/site-packages/airflow/example_dags/example_sla_dag.py took 0.214 seconds
[2025-02-12T17:23:27.152+0000] {processor.py:186} INFO - Started process (PID=171) to work on /home/airflow/.local/lib/python3.12/site-packages/airflow/example_dags/example_sla_dag.py
[2025-02-12T17:23:27.155+0000] {processor.py:914} INFO - Processing file /home/airflow/.local/lib/python3.12/site-packages/airflow/example_dags/example_sla_dag.py for tasks to queue
[2025-02-12T17:23:27.160+0000] {logging_mixin.py:190} INFO - [2025-02-12T17:23:27.159+0000] {dagbag.py:588} INFO - Filling up the DagBag from /home/airflow/.local/lib/python3.12/site-packages/airflow/example_dags/example_sla_dag.py
[2025-02-12T17:23:27.176+0000] {processor.py:925} INFO - DAG(s) 'example_sla_dag' retrieved from /home/airflow/.local/lib/python3.12/site-packages/airflow/example_dags/example_sla_dag.py
[2025-02-12T17:23:27.231+0000] {logging_mixin.py:190} INFO - [2025-02-12T17:23:27.230+0000] {dag.py:3239} INFO - Sync 1 DAGs
[2025-02-12T17:23:27.284+0000] {logging_mixin.py:190} INFO - [2025-02-12T17:23:27.284+0000] {dag.py:4180} INFO - Setting next_dagrun for example_sla_dag to 2025-02-12 17:20:00+00:00, run_after=2025-02-12 17:22:00+00:00
[2025-02-12T17:23:27.326+0000] {processor.py:208} INFO - Processing /home/airflow/.local/lib/python3.12/site-packages/airflow/example_dags/example_sla_dag.py took 0.183 seconds
[2025-02-12T17:23:57.501+0000] {processor.py:186} INFO - Started process (PID=234) to work on /home/airflow/.local/lib/python3.12/site-packages/airflow/example_dags/example_sla_dag.py
[2025-02-12T17:23:57.504+0000] {processor.py:914} INFO - Processing file /home/airflow/.local/lib/python3.12/site-packages/airflow/example_dags/example_sla_dag.py for tasks to queue
[2025-02-12T17:23:57.511+0000] {logging_mixin.py:190} INFO - [2025-02-12T17:23:57.510+0000] {dagbag.py:588} INFO - Filling up the DagBag from /home/airflow/.local/lib/python3.12/site-packages/airflow/example_dags/example_sla_dag.py
[2025-02-12T17:23:57.526+0000] {processor.py:925} INFO - DAG(s) 'example_sla_dag' retrieved from /home/airflow/.local/lib/python3.12/site-packages/airflow/example_dags/example_sla_dag.py
[2025-02-12T17:23:57.579+0000] {logging_mixin.py:190} INFO - [2025-02-12T17:23:57.579+0000] {dag.py:3239} INFO - Sync 1 DAGs
[2025-02-12T17:23:57.645+0000] {logging_mixin.py:190} INFO - [2025-02-12T17:23:57.645+0000] {dag.py:4180} INFO - Setting next_dagrun for example_sla_dag to 2025-02-12 17:20:00+00:00, run_after=2025-02-12 17:22:00+00:00
[2025-02-12T17:23:57.688+0000] {processor.py:208} INFO - Processing /home/airflow/.local/lib/python3.12/site-packages/airflow/example_dags/example_sla_dag.py took 0.197 seconds
[2025-02-12T17:24:27.957+0000] {processor.py:186} INFO - Started process (PID=298) to work on /home/airflow/.local/lib/python3.12/site-packages/airflow/example_dags/example_sla_dag.py
[2025-02-12T17:24:27.960+0000] {processor.py:914} INFO - Processing file /home/airflow/.local/lib/python3.12/site-packages/airflow/example_dags/example_sla_dag.py for tasks to queue
[2025-02-12T17:24:27.965+0000] {logging_mixin.py:190} INFO - [2025-02-12T17:24:27.965+0000] {dagbag.py:588} INFO - Filling up the DagBag from /home/airflow/.local/lib/python3.12/site-packages/airflow/example_dags/example_sla_dag.py
[2025-02-12T17:24:27.993+0000] {processor.py:925} INFO - DAG(s) 'example_sla_dag' retrieved from /home/airflow/.local/lib/python3.12/site-packages/airflow/example_dags/example_sla_dag.py
[2025-02-12T17:24:28.032+0000] {logging_mixin.py:190} INFO - [2025-02-12T17:24:28.031+0000] {dag.py:3239} INFO - Sync 1 DAGs
[2025-02-12T17:24:28.084+0000] {logging_mixin.py:190} INFO - [2025-02-12T17:24:28.083+0000] {dag.py:4180} INFO - Setting next_dagrun for example_sla_dag to 2025-02-12 17:22:00+00:00, run_after=2025-02-12 17:24:00+00:00
[2025-02-12T17:24:28.137+0000] {processor.py:208} INFO - Processing /home/airflow/.local/lib/python3.12/site-packages/airflow/example_dags/example_sla_dag.py took 0.190 seconds
[2025-02-12T17:24:58.314+0000] {processor.py:186} INFO - Started process (PID=361) to work on /home/airflow/.local/lib/python3.12/site-packages/airflow/example_dags/example_sla_dag.py
[2025-02-12T17:24:58.317+0000] {processor.py:914} INFO - Processing file /home/airflow/.local/lib/python3.12/site-packages/airflow/example_dags/example_sla_dag.py for tasks to queue
[2025-02-12T17:24:58.324+0000] {logging_mixin.py:190} INFO - [2025-02-12T17:24:58.323+0000] {dagbag.py:588} INFO - Filling up the DagBag from /home/airflow/.local/lib/python3.12/site-packages/airflow/example_dags/example_sla_dag.py
[2025-02-12T17:24:58.451+0000] {processor.py:925} INFO - DAG(s) 'example_sla_dag' retrieved from /home/airflow/.local/lib/python3.12/site-packages/airflow/example_dags/example_sla_dag.py
[2025-02-12T17:24:58.573+0000] {logging_mixin.py:190} INFO - [2025-02-12T17:24:58.572+0000] {dag.py:3239} INFO - Sync 1 DAGs
[2025-02-12T17:24:58.707+0000] {logging_mixin.py:190} INFO - [2025-02-12T17:24:58.706+0000] {dag.py:4180} INFO - Setting next_dagrun for example_sla_dag to 2025-02-12 17:22:00+00:00, run_after=2025-02-12 17:24:00+00:00
[2025-02-12T17:24:58.800+0000] {processor.py:208} INFO - Processing /home/airflow/.local/lib/python3.12/site-packages/airflow/example_dags/example_sla_dag.py took 0.503 seconds
