[2025-02-12T17:22:27.141+0000] {processor.py:186} INFO - Started process (PID=51) to work on /home/airflow/.local/lib/python3.12/site-packages/airflow/example_dags/example_datasets.py
[2025-02-12T17:22:27.144+0000] {processor.py:914} INFO - Processing file /home/airflow/.local/lib/python3.12/site-packages/airflow/example_dags/example_datasets.py for tasks to queue
[2025-02-12T17:22:27.151+0000] {logging_mixin.py:190} INFO - [2025-02-12T17:22:27.150+0000] {dagbag.py:588} INFO - Filling up the DagBag from /home/airflow/.local/lib/python3.12/site-packages/airflow/example_dags/example_datasets.py
[2025-02-12T17:22:29.962+0000] {processor.py:925} INFO - DAG(s) 'dataset_consumes_1', 'dataset_produces_1', 'dataset_consumes_1_and_2', 'consume_1_or_2_with_dataset_expressions', 'conditional_dataset_and_time_based_timetable', 'dataset_produces_2', 'dataset_consumes_1_never_scheduled', 'consume_1_or_both_2_and_3_with_dataset_expressions', 'dataset_consumes_unknown_never_scheduled', 'consume_1_and_2_with_dataset_expressions' retrieved from /home/airflow/.local/lib/python3.12/site-packages/airflow/example_dags/example_datasets.py
[2025-02-12T17:22:30.147+0000] {logging_mixin.py:190} INFO - [2025-02-12T17:22:30.146+0000] {dag.py:3239} INFO - Sync 10 DAGs
[2025-02-12T17:22:30.228+0000] {logging_mixin.py:190} INFO - [2025-02-12T17:22:30.227+0000] {dag.py:4180} INFO - Setting next_dagrun for conditional_dataset_and_time_based_timetable to 2025-02-12 01:00:00+00:00, run_after=2025-02-12 01:00:00+00:00
[2025-02-12T17:22:30.241+0000] {logging_mixin.py:190} INFO - [2025-02-12T17:22:30.240+0000] {dag.py:4180} INFO - Setting next_dagrun for consume_1_and_2_with_dataset_expressions to None, run_after=None
[2025-02-12T17:22:30.246+0000] {logging_mixin.py:190} INFO - [2025-02-12T17:22:30.246+0000] {dag.py:4180} INFO - Setting next_dagrun for consume_1_or_2_with_dataset_expressions to None, run_after=None
[2025-02-12T17:22:30.250+0000] {logging_mixin.py:190} INFO - [2025-02-12T17:22:30.250+0000] {dag.py:4180} INFO - Setting next_dagrun for consume_1_or_both_2_and_3_with_dataset_expressions to None, run_after=None
[2025-02-12T17:22:30.259+0000] {logging_mixin.py:190} INFO - [2025-02-12T17:22:30.259+0000] {dag.py:4180} INFO - Setting next_dagrun for dataset_consumes_1 to None, run_after=None
[2025-02-12T17:22:30.264+0000] {logging_mixin.py:190} INFO - [2025-02-12T17:22:30.263+0000] {dag.py:4180} INFO - Setting next_dagrun for dataset_consumes_1_and_2 to None, run_after=None
[2025-02-12T17:22:30.270+0000] {logging_mixin.py:190} INFO - [2025-02-12T17:22:30.269+0000] {dag.py:4180} INFO - Setting next_dagrun for dataset_consumes_1_never_scheduled to None, run_after=None
[2025-02-12T17:22:30.276+0000] {logging_mixin.py:190} INFO - [2025-02-12T17:22:30.275+0000] {dag.py:4180} INFO - Setting next_dagrun for dataset_consumes_unknown_never_scheduled to None, run_after=None
[2025-02-12T17:22:30.284+0000] {logging_mixin.py:190} INFO - [2025-02-12T17:22:30.284+0000] {dag.py:4180} INFO - Setting next_dagrun for dataset_produces_1 to 2025-02-11 00:00:00+00:00, run_after=2025-02-12 00:00:00+00:00
[2025-02-12T17:22:30.290+0000] {logging_mixin.py:190} INFO - [2025-02-12T17:22:30.289+0000] {dag.py:4180} INFO - Setting next_dagrun for dataset_produces_2 to None, run_after=None
[2025-02-12T17:22:30.421+0000] {processor.py:208} INFO - Processing /home/airflow/.local/lib/python3.12/site-packages/airflow/example_dags/example_datasets.py took 3.295 seconds
[2025-02-12T17:23:00.596+0000] {processor.py:186} INFO - Started process (PID=114) to work on /home/airflow/.local/lib/python3.12/site-packages/airflow/example_dags/example_datasets.py
[2025-02-12T17:23:00.598+0000] {processor.py:914} INFO - Processing file /home/airflow/.local/lib/python3.12/site-packages/airflow/example_dags/example_datasets.py for tasks to queue
[2025-02-12T17:23:00.602+0000] {logging_mixin.py:190} INFO - [2025-02-12T17:23:00.602+0000] {dagbag.py:588} INFO - Filling up the DagBag from /home/airflow/.local/lib/python3.12/site-packages/airflow/example_dags/example_datasets.py
[2025-02-12T17:23:01.406+0000] {processor.py:925} INFO - DAG(s) 'conditional_dataset_and_time_based_timetable', 'dataset_consumes_1', 'dataset_produces_1', 'consume_1_or_2_with_dataset_expressions', 'dataset_consumes_unknown_never_scheduled', 'consume_1_or_both_2_and_3_with_dataset_expressions', 'dataset_consumes_1_and_2', 'dataset_consumes_1_never_scheduled', 'dataset_produces_2', 'consume_1_and_2_with_dataset_expressions' retrieved from /home/airflow/.local/lib/python3.12/site-packages/airflow/example_dags/example_datasets.py
[2025-02-12T17:23:01.514+0000] {logging_mixin.py:190} INFO - [2025-02-12T17:23:01.513+0000] {dag.py:3239} INFO - Sync 10 DAGs
[2025-02-12T17:23:01.571+0000] {logging_mixin.py:190} INFO - [2025-02-12T17:23:01.570+0000] {dag.py:4180} INFO - Setting next_dagrun for conditional_dataset_and_time_based_timetable to 2025-02-12 01:00:00+00:00, run_after=2025-02-12 01:00:00+00:00
[2025-02-12T17:23:01.580+0000] {logging_mixin.py:190} INFO - [2025-02-12T17:23:01.579+0000] {dag.py:4180} INFO - Setting next_dagrun for consume_1_and_2_with_dataset_expressions to None, run_after=None
[2025-02-12T17:23:01.600+0000] {logging_mixin.py:190} INFO - [2025-02-12T17:23:01.599+0000] {dag.py:4180} INFO - Setting next_dagrun for consume_1_or_2_with_dataset_expressions to None, run_after=None
[2025-02-12T17:23:01.604+0000] {logging_mixin.py:190} INFO - [2025-02-12T17:23:01.604+0000] {dag.py:4180} INFO - Setting next_dagrun for consume_1_or_both_2_and_3_with_dataset_expressions to None, run_after=None
[2025-02-12T17:23:01.612+0000] {logging_mixin.py:190} INFO - [2025-02-12T17:23:01.612+0000] {dag.py:4180} INFO - Setting next_dagrun for dataset_consumes_1 to None, run_after=None
[2025-02-12T17:23:01.617+0000] {logging_mixin.py:190} INFO - [2025-02-12T17:23:01.617+0000] {dag.py:4180} INFO - Setting next_dagrun for dataset_consumes_1_and_2 to None, run_after=None
[2025-02-12T17:23:01.626+0000] {logging_mixin.py:190} INFO - [2025-02-12T17:23:01.624+0000] {dag.py:4180} INFO - Setting next_dagrun for dataset_consumes_1_never_scheduled to None, run_after=None
[2025-02-12T17:23:01.631+0000] {logging_mixin.py:190} INFO - [2025-02-12T17:23:01.630+0000] {dag.py:4180} INFO - Setting next_dagrun for dataset_consumes_unknown_never_scheduled to None, run_after=None
[2025-02-12T17:23:01.637+0000] {logging_mixin.py:190} INFO - [2025-02-12T17:23:01.637+0000] {dag.py:4180} INFO - Setting next_dagrun for dataset_produces_1 to 2025-02-11 00:00:00+00:00, run_after=2025-02-12 00:00:00+00:00
[2025-02-12T17:23:01.642+0000] {logging_mixin.py:190} INFO - [2025-02-12T17:23:01.640+0000] {dag.py:4180} INFO - Setting next_dagrun for dataset_produces_2 to None, run_after=None
[2025-02-12T17:23:01.746+0000] {processor.py:208} INFO - Processing /home/airflow/.local/lib/python3.12/site-packages/airflow/example_dags/example_datasets.py took 1.158 seconds
[2025-02-12T17:23:32.163+0000] {processor.py:186} INFO - Started process (PID=176) to work on /home/airflow/.local/lib/python3.12/site-packages/airflow/example_dags/example_datasets.py
[2025-02-12T17:23:32.171+0000] {processor.py:914} INFO - Processing file /home/airflow/.local/lib/python3.12/site-packages/airflow/example_dags/example_datasets.py for tasks to queue
[2025-02-12T17:23:32.189+0000] {logging_mixin.py:190} INFO - [2025-02-12T17:23:32.186+0000] {dagbag.py:588} INFO - Filling up the DagBag from /home/airflow/.local/lib/python3.12/site-packages/airflow/example_dags/example_datasets.py
[2025-02-12T17:23:33.619+0000] {processor.py:925} INFO - DAG(s) 'consume_1_or_both_2_and_3_with_dataset_expressions', 'conditional_dataset_and_time_based_timetable', 'consume_1_and_2_with_dataset_expressions', 'dataset_consumes_1_never_scheduled', 'dataset_produces_1', 'consume_1_or_2_with_dataset_expressions', 'dataset_consumes_unknown_never_scheduled', 'dataset_consumes_1', 'dataset_consumes_1_and_2', 'dataset_produces_2' retrieved from /home/airflow/.local/lib/python3.12/site-packages/airflow/example_dags/example_datasets.py
[2025-02-12T17:23:33.741+0000] {logging_mixin.py:190} INFO - [2025-02-12T17:23:33.740+0000] {dag.py:3239} INFO - Sync 10 DAGs
[2025-02-12T17:23:33.797+0000] {logging_mixin.py:190} INFO - [2025-02-12T17:23:33.796+0000] {dag.py:4180} INFO - Setting next_dagrun for conditional_dataset_and_time_based_timetable to 2025-02-12 01:00:00+00:00, run_after=2025-02-12 01:00:00+00:00
[2025-02-12T17:23:33.808+0000] {logging_mixin.py:190} INFO - [2025-02-12T17:23:33.807+0000] {dag.py:4180} INFO - Setting next_dagrun for consume_1_and_2_with_dataset_expressions to None, run_after=None
[2025-02-12T17:23:33.814+0000] {logging_mixin.py:190} INFO - [2025-02-12T17:23:33.813+0000] {dag.py:4180} INFO - Setting next_dagrun for consume_1_or_2_with_dataset_expressions to None, run_after=None
[2025-02-12T17:23:33.819+0000] {logging_mixin.py:190} INFO - [2025-02-12T17:23:33.818+0000] {dag.py:4180} INFO - Setting next_dagrun for consume_1_or_both_2_and_3_with_dataset_expressions to None, run_after=None
[2025-02-12T17:23:33.822+0000] {logging_mixin.py:190} INFO - [2025-02-12T17:23:33.822+0000] {dag.py:4180} INFO - Setting next_dagrun for dataset_consumes_1 to None, run_after=None
[2025-02-12T17:23:33.825+0000] {logging_mixin.py:190} INFO - [2025-02-12T17:23:33.825+0000] {dag.py:4180} INFO - Setting next_dagrun for dataset_consumes_1_and_2 to None, run_after=None
[2025-02-12T17:23:33.829+0000] {logging_mixin.py:190} INFO - [2025-02-12T17:23:33.828+0000] {dag.py:4180} INFO - Setting next_dagrun for dataset_consumes_1_never_scheduled to None, run_after=None
[2025-02-12T17:23:33.831+0000] {logging_mixin.py:190} INFO - [2025-02-12T17:23:33.831+0000] {dag.py:4180} INFO - Setting next_dagrun for dataset_consumes_unknown_never_scheduled to None, run_after=None
[2025-02-12T17:23:33.836+0000] {logging_mixin.py:190} INFO - [2025-02-12T17:23:33.835+0000] {dag.py:4180} INFO - Setting next_dagrun for dataset_produces_1 to 2025-02-11 00:00:00+00:00, run_after=2025-02-12 00:00:00+00:00
[2025-02-12T17:23:33.838+0000] {logging_mixin.py:190} INFO - [2025-02-12T17:23:33.838+0000] {dag.py:4180} INFO - Setting next_dagrun for dataset_produces_2 to None, run_after=None
[2025-02-12T17:23:33.910+0000] {processor.py:208} INFO - Processing /home/airflow/.local/lib/python3.12/site-packages/airflow/example_dags/example_datasets.py took 1.771 seconds
[2025-02-12T17:24:04.107+0000] {processor.py:186} INFO - Started process (PID=239) to work on /home/airflow/.local/lib/python3.12/site-packages/airflow/example_dags/example_datasets.py
[2025-02-12T17:24:04.110+0000] {processor.py:914} INFO - Processing file /home/airflow/.local/lib/python3.12/site-packages/airflow/example_dags/example_datasets.py for tasks to queue
[2025-02-12T17:24:04.116+0000] {logging_mixin.py:190} INFO - [2025-02-12T17:24:04.115+0000] {dagbag.py:588} INFO - Filling up the DagBag from /home/airflow/.local/lib/python3.12/site-packages/airflow/example_dags/example_datasets.py
[2025-02-12T17:24:05.521+0000] {processor.py:925} INFO - DAG(s) 'consume_1_and_2_with_dataset_expressions', 'conditional_dataset_and_time_based_timetable', 'dataset_produces_1', 'dataset_consumes_unknown_never_scheduled', 'dataset_consumes_1_and_2', 'consume_1_or_both_2_and_3_with_dataset_expressions', 'consume_1_or_2_with_dataset_expressions', 'dataset_produces_2', 'dataset_consumes_1_never_scheduled', 'dataset_consumes_1' retrieved from /home/airflow/.local/lib/python3.12/site-packages/airflow/example_dags/example_datasets.py
[2025-02-12T17:24:05.649+0000] {logging_mixin.py:190} INFO - [2025-02-12T17:24:05.648+0000] {dag.py:3239} INFO - Sync 10 DAGs
[2025-02-12T17:24:05.715+0000] {logging_mixin.py:190} INFO - [2025-02-12T17:24:05.714+0000] {dag.py:4180} INFO - Setting next_dagrun for conditional_dataset_and_time_based_timetable to 2025-02-12 01:00:00+00:00, run_after=2025-02-12 01:00:00+00:00
[2025-02-12T17:24:05.725+0000] {logging_mixin.py:190} INFO - [2025-02-12T17:24:05.724+0000] {dag.py:4180} INFO - Setting next_dagrun for consume_1_and_2_with_dataset_expressions to None, run_after=None
[2025-02-12T17:24:05.730+0000] {logging_mixin.py:190} INFO - [2025-02-12T17:24:05.730+0000] {dag.py:4180} INFO - Setting next_dagrun for consume_1_or_2_with_dataset_expressions to None, run_after=None
[2025-02-12T17:24:05.734+0000] {logging_mixin.py:190} INFO - [2025-02-12T17:24:05.733+0000] {dag.py:4180} INFO - Setting next_dagrun for consume_1_or_both_2_and_3_with_dataset_expressions to None, run_after=None
[2025-02-12T17:24:05.739+0000] {logging_mixin.py:190} INFO - [2025-02-12T17:24:05.737+0000] {dag.py:4180} INFO - Setting next_dagrun for dataset_consumes_1 to None, run_after=None
[2025-02-12T17:24:05.745+0000] {logging_mixin.py:190} INFO - [2025-02-12T17:24:05.744+0000] {dag.py:4180} INFO - Setting next_dagrun for dataset_consumes_1_and_2 to None, run_after=None
[2025-02-12T17:24:05.748+0000] {logging_mixin.py:190} INFO - [2025-02-12T17:24:05.748+0000] {dag.py:4180} INFO - Setting next_dagrun for dataset_consumes_1_never_scheduled to None, run_after=None
[2025-02-12T17:24:05.752+0000] {logging_mixin.py:190} INFO - [2025-02-12T17:24:05.751+0000] {dag.py:4180} INFO - Setting next_dagrun for dataset_consumes_unknown_never_scheduled to None, run_after=None
[2025-02-12T17:24:05.763+0000] {logging_mixin.py:190} INFO - [2025-02-12T17:24:05.762+0000] {dag.py:4180} INFO - Setting next_dagrun for dataset_produces_1 to 2025-02-11 00:00:00+00:00, run_after=2025-02-12 00:00:00+00:00
[2025-02-12T17:24:05.767+0000] {logging_mixin.py:190} INFO - [2025-02-12T17:24:05.766+0000] {dag.py:4180} INFO - Setting next_dagrun for dataset_produces_2 to None, run_after=None
[2025-02-12T17:24:05.858+0000] {processor.py:208} INFO - Processing /home/airflow/.local/lib/python3.12/site-packages/airflow/example_dags/example_datasets.py took 1.782 seconds
[2025-02-12T17:24:36.463+0000] {processor.py:186} INFO - Started process (PID=303) to work on /home/airflow/.local/lib/python3.12/site-packages/airflow/example_dags/example_datasets.py
[2025-02-12T17:24:36.466+0000] {processor.py:914} INFO - Processing file /home/airflow/.local/lib/python3.12/site-packages/airflow/example_dags/example_datasets.py for tasks to queue
[2025-02-12T17:24:36.470+0000] {logging_mixin.py:190} INFO - [2025-02-12T17:24:36.469+0000] {dagbag.py:588} INFO - Filling up the DagBag from /home/airflow/.local/lib/python3.12/site-packages/airflow/example_dags/example_datasets.py
[2025-02-12T17:24:37.428+0000] {processor.py:925} INFO - DAG(s) 'consume_1_or_both_2_and_3_with_dataset_expressions', 'consume_1_or_2_with_dataset_expressions', 'dataset_consumes_1_never_scheduled', 'dataset_produces_1', 'dataset_consumes_1', 'conditional_dataset_and_time_based_timetable', 'consume_1_and_2_with_dataset_expressions', 'dataset_produces_2', 'dataset_consumes_1_and_2', 'dataset_consumes_unknown_never_scheduled' retrieved from /home/airflow/.local/lib/python3.12/site-packages/airflow/example_dags/example_datasets.py
[2025-02-12T17:24:37.542+0000] {logging_mixin.py:190} INFO - [2025-02-12T17:24:37.541+0000] {dag.py:3239} INFO - Sync 10 DAGs
[2025-02-12T17:24:37.586+0000] {logging_mixin.py:190} INFO - [2025-02-12T17:24:37.586+0000] {dag.py:4180} INFO - Setting next_dagrun for conditional_dataset_and_time_based_timetable to 2025-02-12 01:00:00+00:00, run_after=2025-02-12 01:00:00+00:00
[2025-02-12T17:24:37.595+0000] {logging_mixin.py:190} INFO - [2025-02-12T17:24:37.595+0000] {dag.py:4180} INFO - Setting next_dagrun for consume_1_and_2_with_dataset_expressions to None, run_after=None
[2025-02-12T17:24:37.601+0000] {logging_mixin.py:190} INFO - [2025-02-12T17:24:37.600+0000] {dag.py:4180} INFO - Setting next_dagrun for consume_1_or_2_with_dataset_expressions to None, run_after=None
[2025-02-12T17:24:37.603+0000] {logging_mixin.py:190} INFO - [2025-02-12T17:24:37.603+0000] {dag.py:4180} INFO - Setting next_dagrun for consume_1_or_both_2_and_3_with_dataset_expressions to None, run_after=None
[2025-02-12T17:24:37.606+0000] {logging_mixin.py:190} INFO - [2025-02-12T17:24:37.606+0000] {dag.py:4180} INFO - Setting next_dagrun for dataset_consumes_1 to None, run_after=None
[2025-02-12T17:24:37.609+0000] {logging_mixin.py:190} INFO - [2025-02-12T17:24:37.608+0000] {dag.py:4180} INFO - Setting next_dagrun for dataset_consumes_1_and_2 to None, run_after=None
[2025-02-12T17:24:37.614+0000] {logging_mixin.py:190} INFO - [2025-02-12T17:24:37.613+0000] {dag.py:4180} INFO - Setting next_dagrun for dataset_consumes_1_never_scheduled to None, run_after=None
[2025-02-12T17:24:37.619+0000] {logging_mixin.py:190} INFO - [2025-02-12T17:24:37.619+0000] {dag.py:4180} INFO - Setting next_dagrun for dataset_consumes_unknown_never_scheduled to None, run_after=None
[2025-02-12T17:24:37.624+0000] {logging_mixin.py:190} INFO - [2025-02-12T17:24:37.623+0000] {dag.py:4180} INFO - Setting next_dagrun for dataset_produces_1 to 2025-02-11 00:00:00+00:00, run_after=2025-02-12 00:00:00+00:00
[2025-02-12T17:24:37.628+0000] {logging_mixin.py:190} INFO - [2025-02-12T17:24:37.628+0000] {dag.py:4180} INFO - Setting next_dagrun for dataset_produces_2 to None, run_after=None
[2025-02-12T17:24:37.707+0000] {processor.py:208} INFO - Processing /home/airflow/.local/lib/python3.12/site-packages/airflow/example_dags/example_datasets.py took 1.251 seconds
