[2025-02-12T17:22:33.907+0000] {processor.py:186} INFO - Started process (PID=67) to work on /home/airflow/.local/lib/python3.12/site-packages/airflow/example_dags/example_display_name.py
[2025-02-12T17:22:33.910+0000] {processor.py:914} INFO - Processing file /home/airflow/.local/lib/python3.12/site-packages/airflow/example_dags/example_display_name.py for tasks to queue
[2025-02-12T17:22:33.916+0000] {logging_mixin.py:190} INFO - [2025-02-12T17:22:33.915+0000] {dagbag.py:588} INFO - Filling up the DagBag from /home/airflow/.local/lib/python3.12/site-packages/airflow/example_dags/example_display_name.py
[2025-02-12T17:22:33.926+0000] {processor.py:925} INFO - DAG(s) 'example_display_name' retrieved from /home/airflow/.local/lib/python3.12/site-packages/airflow/example_dags/example_display_name.py
[2025-02-12T17:22:33.971+0000] {logging_mixin.py:190} INFO - [2025-02-12T17:22:33.970+0000] {dag.py:3239} INFO - Sync 1 DAGs
[2025-02-12T17:22:33.991+0000] {logging_mixin.py:190} INFO - [2025-02-12T17:22:33.990+0000] {dag.py:4180} INFO - Setting next_dagrun for example_display_name to None, run_after=None
[2025-02-12T17:22:34.029+0000] {processor.py:208} INFO - Processing /home/airflow/.local/lib/python3.12/site-packages/airflow/example_dags/example_display_name.py took 0.129 seconds
[2025-02-12T17:23:05.351+0000] {processor.py:186} INFO - Started process (PID=130) to work on /home/airflow/.local/lib/python3.12/site-packages/airflow/example_dags/example_display_name.py
[2025-02-12T17:23:05.355+0000] {processor.py:914} INFO - Processing file /home/airflow/.local/lib/python3.12/site-packages/airflow/example_dags/example_display_name.py for tasks to queue
[2025-02-12T17:23:05.362+0000] {logging_mixin.py:190} INFO - [2025-02-12T17:23:05.361+0000] {dagbag.py:588} INFO - Filling up the DagBag from /home/airflow/.local/lib/python3.12/site-packages/airflow/example_dags/example_display_name.py
[2025-02-12T17:23:05.377+0000] {processor.py:925} INFO - DAG(s) 'example_display_name' retrieved from /home/airflow/.local/lib/python3.12/site-packages/airflow/example_dags/example_display_name.py
[2025-02-12T17:23:05.416+0000] {logging_mixin.py:190} INFO - [2025-02-12T17:23:05.416+0000] {dag.py:3239} INFO - Sync 1 DAGs
[2025-02-12T17:23:05.444+0000] {logging_mixin.py:190} INFO - [2025-02-12T17:23:05.444+0000] {dag.py:4180} INFO - Setting next_dagrun for example_display_name to None, run_after=None
[2025-02-12T17:23:05.496+0000] {processor.py:208} INFO - Processing /home/airflow/.local/lib/python3.12/site-packages/airflow/example_dags/example_display_name.py took 0.160 seconds
[2025-02-12T17:23:36.391+0000] {processor.py:186} INFO - Started process (PID=192) to work on /home/airflow/.local/lib/python3.12/site-packages/airflow/example_dags/example_display_name.py
[2025-02-12T17:23:36.394+0000] {processor.py:914} INFO - Processing file /home/airflow/.local/lib/python3.12/site-packages/airflow/example_dags/example_display_name.py for tasks to queue
[2025-02-12T17:23:36.399+0000] {logging_mixin.py:190} INFO - [2025-02-12T17:23:36.398+0000] {dagbag.py:588} INFO - Filling up the DagBag from /home/airflow/.local/lib/python3.12/site-packages/airflow/example_dags/example_display_name.py
[2025-02-12T17:23:36.413+0000] {processor.py:925} INFO - DAG(s) 'example_display_name' retrieved from /home/airflow/.local/lib/python3.12/site-packages/airflow/example_dags/example_display_name.py
[2025-02-12T17:23:36.446+0000] {logging_mixin.py:190} INFO - [2025-02-12T17:23:36.446+0000] {dag.py:3239} INFO - Sync 1 DAGs
[2025-02-12T17:23:36.472+0000] {logging_mixin.py:190} INFO - [2025-02-12T17:23:36.472+0000] {dag.py:4180} INFO - Setting next_dagrun for example_display_name to None, run_after=None
[2025-02-12T17:23:36.512+0000] {processor.py:208} INFO - Processing /home/airflow/.local/lib/python3.12/site-packages/airflow/example_dags/example_display_name.py took 0.132 seconds
[2025-02-12T17:24:10.436+0000] {processor.py:186} INFO - Started process (PID=255) to work on /home/airflow/.local/lib/python3.12/site-packages/airflow/example_dags/example_display_name.py
[2025-02-12T17:24:10.441+0000] {processor.py:914} INFO - Processing file /home/airflow/.local/lib/python3.12/site-packages/airflow/example_dags/example_display_name.py for tasks to queue
[2025-02-12T17:24:10.449+0000] {logging_mixin.py:190} INFO - [2025-02-12T17:24:10.448+0000] {dagbag.py:588} INFO - Filling up the DagBag from /home/airflow/.local/lib/python3.12/site-packages/airflow/example_dags/example_display_name.py
[2025-02-12T17:24:10.467+0000] {processor.py:925} INFO - DAG(s) 'example_display_name' retrieved from /home/airflow/.local/lib/python3.12/site-packages/airflow/example_dags/example_display_name.py
[2025-02-12T17:24:10.520+0000] {logging_mixin.py:190} INFO - [2025-02-12T17:24:10.520+0000] {dag.py:3239} INFO - Sync 1 DAGs
[2025-02-12T17:24:10.675+0000] {logging_mixin.py:190} INFO - [2025-02-12T17:24:10.668+0000] {dag.py:4180} INFO - Setting next_dagrun for example_display_name to None, run_after=None
[2025-02-12T17:24:10.800+0000] {processor.py:208} INFO - Processing /home/airflow/.local/lib/python3.12/site-packages/airflow/example_dags/example_display_name.py took 0.394 seconds
[2025-02-12T17:24:43.327+0000] {processor.py:186} INFO - Started process (PID=325) to work on /home/airflow/.local/lib/python3.12/site-packages/airflow/example_dags/example_display_name.py
[2025-02-12T17:24:43.330+0000] {processor.py:914} INFO - Processing file /home/airflow/.local/lib/python3.12/site-packages/airflow/example_dags/example_display_name.py for tasks to queue
[2025-02-12T17:24:43.336+0000] {logging_mixin.py:190} INFO - [2025-02-12T17:24:43.335+0000] {dagbag.py:588} INFO - Filling up the DagBag from /home/airflow/.local/lib/python3.12/site-packages/airflow/example_dags/example_display_name.py
[2025-02-12T17:24:43.364+0000] {processor.py:925} INFO - DAG(s) 'example_display_name' retrieved from /home/airflow/.local/lib/python3.12/site-packages/airflow/example_dags/example_display_name.py
[2025-02-12T17:24:43.427+0000] {logging_mixin.py:190} INFO - [2025-02-12T17:24:43.426+0000] {dag.py:3239} INFO - Sync 1 DAGs
[2025-02-12T17:24:43.511+0000] {logging_mixin.py:190} INFO - [2025-02-12T17:24:43.510+0000] {dag.py:4180} INFO - Setting next_dagrun for example_display_name to None, run_after=None
[2025-02-12T17:24:43.592+0000] {processor.py:208} INFO - Processing /home/airflow/.local/lib/python3.12/site-packages/airflow/example_dags/example_display_name.py took 0.282 seconds
