[2025-02-12T17:22:38.237+0000] {processor.py:186} INFO - Started process (PID=94) to work on /home/airflow/.local/lib/python3.12/site-packages/airflow/example_dags/example_inlet_event_extra.py
[2025-02-12T17:22:38.241+0000] {processor.py:914} INFO - Processing file /home/airflow/.local/lib/python3.12/site-packages/airflow/example_dags/example_inlet_event_extra.py for tasks to queue
[2025-02-12T17:22:38.248+0000] {logging_mixin.py:190} INFO - [2025-02-12T17:22:38.248+0000] {dagbag.py:588} INFO - Filling up the DagBag from /home/airflow/.local/lib/python3.12/site-packages/airflow/example_dags/example_inlet_event_extra.py
[2025-02-12T17:22:39.160+0000] {processor.py:925} INFO - DAG(s) 'read_dataset_event_from_classic', 'read_dataset_event' retrieved from /home/airflow/.local/lib/python3.12/site-packages/airflow/example_dags/example_inlet_event_extra.py
[2025-02-12T17:22:39.231+0000] {logging_mixin.py:190} INFO - [2025-02-12T17:22:39.230+0000] {dag.py:3239} INFO - Sync 2 DAGs
[2025-02-12T17:22:39.282+0000] {logging_mixin.py:190} INFO - [2025-02-12T17:22:39.282+0000] {dag.py:4180} INFO - Setting next_dagrun for read_dataset_event to 2025-02-11 00:00:00+00:00, run_after=2025-02-12 00:00:00+00:00
[2025-02-12T17:22:39.293+0000] {logging_mixin.py:190} INFO - [2025-02-12T17:22:39.293+0000] {dag.py:4180} INFO - Setting next_dagrun for read_dataset_event_from_classic to 2025-02-11 00:00:00+00:00, run_after=2025-02-12 00:00:00+00:00
[2025-02-12T17:22:39.342+0000] {processor.py:208} INFO - Processing /home/airflow/.local/lib/python3.12/site-packages/airflow/example_dags/example_inlet_event_extra.py took 1.113 seconds
[2025-02-12T17:23:09.475+0000] {processor.py:186} INFO - Started process (PID=161) to work on /home/airflow/.local/lib/python3.12/site-packages/airflow/example_dags/example_inlet_event_extra.py
[2025-02-12T17:23:09.481+0000] {processor.py:914} INFO - Processing file /home/airflow/.local/lib/python3.12/site-packages/airflow/example_dags/example_inlet_event_extra.py for tasks to queue
[2025-02-12T17:23:09.486+0000] {logging_mixin.py:190} INFO - [2025-02-12T17:23:09.486+0000] {dagbag.py:588} INFO - Filling up the DagBag from /home/airflow/.local/lib/python3.12/site-packages/airflow/example_dags/example_inlet_event_extra.py
[2025-02-12T17:23:10.303+0000] {processor.py:925} INFO - DAG(s) 'read_dataset_event_from_classic', 'read_dataset_event' retrieved from /home/airflow/.local/lib/python3.12/site-packages/airflow/example_dags/example_inlet_event_extra.py
[2025-02-12T17:23:10.337+0000] {logging_mixin.py:190} INFO - [2025-02-12T17:23:10.336+0000] {dag.py:3239} INFO - Sync 2 DAGs
[2025-02-12T17:23:10.371+0000] {logging_mixin.py:190} INFO - [2025-02-12T17:23:10.371+0000] {dag.py:4180} INFO - Setting next_dagrun for read_dataset_event to 2025-02-11 00:00:00+00:00, run_after=2025-02-12 00:00:00+00:00
[2025-02-12T17:23:10.380+0000] {logging_mixin.py:190} INFO - [2025-02-12T17:23:10.379+0000] {dag.py:4180} INFO - Setting next_dagrun for read_dataset_event_from_classic to 2025-02-11 00:00:00+00:00, run_after=2025-02-12 00:00:00+00:00
[2025-02-12T17:23:10.411+0000] {processor.py:208} INFO - Processing /home/airflow/.local/lib/python3.12/site-packages/airflow/example_dags/example_inlet_event_extra.py took 0.946 seconds
[2025-02-12T17:23:40.811+0000] {processor.py:186} INFO - Started process (PID=225) to work on /home/airflow/.local/lib/python3.12/site-packages/airflow/example_dags/example_inlet_event_extra.py
[2025-02-12T17:23:40.814+0000] {processor.py:914} INFO - Processing file /home/airflow/.local/lib/python3.12/site-packages/airflow/example_dags/example_inlet_event_extra.py for tasks to queue
[2025-02-12T17:23:40.820+0000] {logging_mixin.py:190} INFO - [2025-02-12T17:23:40.819+0000] {dagbag.py:588} INFO - Filling up the DagBag from /home/airflow/.local/lib/python3.12/site-packages/airflow/example_dags/example_inlet_event_extra.py
[2025-02-12T17:23:42.065+0000] {processor.py:925} INFO - DAG(s) 'read_dataset_event', 'read_dataset_event_from_classic' retrieved from /home/airflow/.local/lib/python3.12/site-packages/airflow/example_dags/example_inlet_event_extra.py
[2025-02-12T17:23:42.111+0000] {logging_mixin.py:190} INFO - [2025-02-12T17:23:42.110+0000] {dag.py:3239} INFO - Sync 2 DAGs
[2025-02-12T17:23:42.157+0000] {logging_mixin.py:190} INFO - [2025-02-12T17:23:42.157+0000] {dag.py:4180} INFO - Setting next_dagrun for read_dataset_event to 2025-02-11 00:00:00+00:00, run_after=2025-02-12 00:00:00+00:00
[2025-02-12T17:23:42.167+0000] {logging_mixin.py:190} INFO - [2025-02-12T17:23:42.167+0000] {dag.py:4180} INFO - Setting next_dagrun for read_dataset_event_from_classic to 2025-02-11 00:00:00+00:00, run_after=2025-02-12 00:00:00+00:00
[2025-02-12T17:23:42.209+0000] {processor.py:208} INFO - Processing /home/airflow/.local/lib/python3.12/site-packages/airflow/example_dags/example_inlet_event_extra.py took 1.411 seconds
[2025-02-12T17:24:14.489+0000] {processor.py:186} INFO - Started process (PID=289) to work on /home/airflow/.local/lib/python3.12/site-packages/airflow/example_dags/example_inlet_event_extra.py
[2025-02-12T17:24:14.492+0000] {processor.py:914} INFO - Processing file /home/airflow/.local/lib/python3.12/site-packages/airflow/example_dags/example_inlet_event_extra.py for tasks to queue
[2025-02-12T17:24:14.500+0000] {logging_mixin.py:190} INFO - [2025-02-12T17:24:14.499+0000] {dagbag.py:588} INFO - Filling up the DagBag from /home/airflow/.local/lib/python3.12/site-packages/airflow/example_dags/example_inlet_event_extra.py
[2025-02-12T17:24:15.713+0000] {processor.py:925} INFO - DAG(s) 'read_dataset_event_from_classic', 'read_dataset_event' retrieved from /home/airflow/.local/lib/python3.12/site-packages/airflow/example_dags/example_inlet_event_extra.py
[2025-02-12T17:24:15.796+0000] {logging_mixin.py:190} INFO - [2025-02-12T17:24:15.794+0000] {dag.py:3239} INFO - Sync 2 DAGs
[2025-02-12T17:24:15.928+0000] {logging_mixin.py:190} INFO - [2025-02-12T17:24:15.927+0000] {dag.py:4180} INFO - Setting next_dagrun for read_dataset_event to 2025-02-11 00:00:00+00:00, run_after=2025-02-12 00:00:00+00:00
[2025-02-12T17:24:15.954+0000] {logging_mixin.py:190} INFO - [2025-02-12T17:24:15.953+0000] {dag.py:4180} INFO - Setting next_dagrun for read_dataset_event_from_classic to 2025-02-11 00:00:00+00:00, run_after=2025-02-12 00:00:00+00:00
[2025-02-12T17:24:16.042+0000] {processor.py:208} INFO - Processing /home/airflow/.local/lib/python3.12/site-packages/airflow/example_dags/example_inlet_event_extra.py took 1.565 seconds
[2025-02-12T17:24:48.610+0000] {processor.py:186} INFO - Started process (PID=352) to work on /home/airflow/.local/lib/python3.12/site-packages/airflow/example_dags/example_inlet_event_extra.py
[2025-02-12T17:24:48.614+0000] {processor.py:914} INFO - Processing file /home/airflow/.local/lib/python3.12/site-packages/airflow/example_dags/example_inlet_event_extra.py for tasks to queue
[2025-02-12T17:24:48.618+0000] {logging_mixin.py:190} INFO - [2025-02-12T17:24:48.618+0000] {dagbag.py:588} INFO - Filling up the DagBag from /home/airflow/.local/lib/python3.12/site-packages/airflow/example_dags/example_inlet_event_extra.py
[2025-02-12T17:24:49.593+0000] {processor.py:925} INFO - DAG(s) 'read_dataset_event', 'read_dataset_event_from_classic' retrieved from /home/airflow/.local/lib/python3.12/site-packages/airflow/example_dags/example_inlet_event_extra.py
[2025-02-12T17:24:49.626+0000] {logging_mixin.py:190} INFO - [2025-02-12T17:24:49.626+0000] {dag.py:3239} INFO - Sync 2 DAGs
[2025-02-12T17:24:49.666+0000] {logging_mixin.py:190} INFO - [2025-02-12T17:24:49.666+0000] {dag.py:4180} INFO - Setting next_dagrun for read_dataset_event to 2025-02-11 00:00:00+00:00, run_after=2025-02-12 00:00:00+00:00
[2025-02-12T17:24:49.681+0000] {logging_mixin.py:190} INFO - [2025-02-12T17:24:49.680+0000] {dag.py:4180} INFO - Setting next_dagrun for read_dataset_event_from_classic to 2025-02-11 00:00:00+00:00, run_after=2025-02-12 00:00:00+00:00
[2025-02-12T17:24:49.730+0000] {processor.py:208} INFO - Processing /home/airflow/.local/lib/python3.12/site-packages/airflow/example_dags/example_inlet_event_extra.py took 1.143 seconds
