[2025-02-12T17:22:34.712+0000] {processor.py:186} INFO - Started process (PID=74) to work on /home/airflow/.local/lib/python3.12/site-packages/airflow/example_dags/tutorial_dag.py
[2025-02-12T17:22:34.714+0000] {processor.py:914} INFO - Processing file /home/airflow/.local/lib/python3.12/site-packages/airflow/example_dags/tutorial_dag.py for tasks to queue
[2025-02-12T17:22:34.718+0000] {logging_mixin.py:190} INFO - [2025-02-12T17:22:34.717+0000] {dagbag.py:588} INFO - Filling up the DagBag from /home/airflow/.local/lib/python3.12/site-packages/airflow/example_dags/tutorial_dag.py
[2025-02-12T17:22:34.728+0000] {processor.py:925} INFO - DAG(s) 'tutorial_dag' retrieved from /home/airflow/.local/lib/python3.12/site-packages/airflow/example_dags/tutorial_dag.py
[2025-02-12T17:22:34.770+0000] {logging_mixin.py:190} INFO - [2025-02-12T17:22:34.770+0000] {dag.py:3239} INFO - Sync 1 DAGs
[2025-02-12T17:22:34.790+0000] {logging_mixin.py:190} INFO - [2025-02-12T17:22:34.790+0000] {dag.py:4180} INFO - Setting next_dagrun for tutorial_dag to None, run_after=None
[2025-02-12T17:22:34.824+0000] {processor.py:208} INFO - Processing /home/airflow/.local/lib/python3.12/site-packages/airflow/example_dags/tutorial_dag.py took 0.120 seconds
[2025-02-12T17:23:06.154+0000] {processor.py:186} INFO - Started process (PID=137) to work on /home/airflow/.local/lib/python3.12/site-packages/airflow/example_dags/tutorial_dag.py
[2025-02-12T17:23:06.157+0000] {processor.py:914} INFO - Processing file /home/airflow/.local/lib/python3.12/site-packages/airflow/example_dags/tutorial_dag.py for tasks to queue
[2025-02-12T17:23:06.164+0000] {logging_mixin.py:190} INFO - [2025-02-12T17:23:06.164+0000] {dagbag.py:588} INFO - Filling up the DagBag from /home/airflow/.local/lib/python3.12/site-packages/airflow/example_dags/tutorial_dag.py
[2025-02-12T17:23:06.179+0000] {processor.py:925} INFO - DAG(s) 'tutorial_dag' retrieved from /home/airflow/.local/lib/python3.12/site-packages/airflow/example_dags/tutorial_dag.py
[2025-02-12T17:23:06.231+0000] {logging_mixin.py:190} INFO - [2025-02-12T17:23:06.230+0000] {dag.py:3239} INFO - Sync 1 DAGs
[2025-02-12T17:23:06.266+0000] {logging_mixin.py:190} INFO - [2025-02-12T17:23:06.265+0000] {dag.py:4180} INFO - Setting next_dagrun for tutorial_dag to None, run_after=None
[2025-02-12T17:23:06.299+0000] {processor.py:208} INFO - Processing /home/airflow/.local/lib/python3.12/site-packages/airflow/example_dags/tutorial_dag.py took 0.160 seconds
[2025-02-12T17:23:37.074+0000] {processor.py:186} INFO - Started process (PID=199) to work on /home/airflow/.local/lib/python3.12/site-packages/airflow/example_dags/tutorial_dag.py
[2025-02-12T17:23:37.076+0000] {processor.py:914} INFO - Processing file /home/airflow/.local/lib/python3.12/site-packages/airflow/example_dags/tutorial_dag.py for tasks to queue
[2025-02-12T17:23:37.082+0000] {logging_mixin.py:190} INFO - [2025-02-12T17:23:37.082+0000] {dagbag.py:588} INFO - Filling up the DagBag from /home/airflow/.local/lib/python3.12/site-packages/airflow/example_dags/tutorial_dag.py
[2025-02-12T17:23:37.098+0000] {processor.py:925} INFO - DAG(s) 'tutorial_dag' retrieved from /home/airflow/.local/lib/python3.12/site-packages/airflow/example_dags/tutorial_dag.py
[2025-02-12T17:23:37.150+0000] {logging_mixin.py:190} INFO - [2025-02-12T17:23:37.148+0000] {dag.py:3239} INFO - Sync 1 DAGs
[2025-02-12T17:23:37.215+0000] {logging_mixin.py:190} INFO - [2025-02-12T17:23:37.212+0000] {dag.py:4180} INFO - Setting next_dagrun for tutorial_dag to None, run_after=None
[2025-02-12T17:23:37.316+0000] {processor.py:208} INFO - Processing /home/airflow/.local/lib/python3.12/site-packages/airflow/example_dags/tutorial_dag.py took 0.252 seconds
[2025-02-12T17:24:11.528+0000] {processor.py:186} INFO - Started process (PID=262) to work on /home/airflow/.local/lib/python3.12/site-packages/airflow/example_dags/tutorial_dag.py
[2025-02-12T17:24:11.531+0000] {processor.py:914} INFO - Processing file /home/airflow/.local/lib/python3.12/site-packages/airflow/example_dags/tutorial_dag.py for tasks to queue
[2025-02-12T17:24:11.537+0000] {logging_mixin.py:190} INFO - [2025-02-12T17:24:11.536+0000] {dagbag.py:588} INFO - Filling up the DagBag from /home/airflow/.local/lib/python3.12/site-packages/airflow/example_dags/tutorial_dag.py
[2025-02-12T17:24:11.554+0000] {processor.py:925} INFO - DAG(s) 'tutorial_dag' retrieved from /home/airflow/.local/lib/python3.12/site-packages/airflow/example_dags/tutorial_dag.py
[2025-02-12T17:24:11.617+0000] {logging_mixin.py:190} INFO - [2025-02-12T17:24:11.617+0000] {dag.py:3239} INFO - Sync 1 DAGs
[2025-02-12T17:24:11.659+0000] {logging_mixin.py:190} INFO - [2025-02-12T17:24:11.657+0000] {dag.py:4180} INFO - Setting next_dagrun for tutorial_dag to None, run_after=None
[2025-02-12T17:24:11.711+0000] {processor.py:208} INFO - Processing /home/airflow/.local/lib/python3.12/site-packages/airflow/example_dags/tutorial_dag.py took 0.197 seconds
[2025-02-12T17:24:44.676+0000] {processor.py:186} INFO - Started process (PID=332) to work on /home/airflow/.local/lib/python3.12/site-packages/airflow/example_dags/tutorial_dag.py
[2025-02-12T17:24:44.679+0000] {processor.py:914} INFO - Processing file /home/airflow/.local/lib/python3.12/site-packages/airflow/example_dags/tutorial_dag.py for tasks to queue
[2025-02-12T17:24:44.686+0000] {logging_mixin.py:190} INFO - [2025-02-12T17:24:44.685+0000] {dagbag.py:588} INFO - Filling up the DagBag from /home/airflow/.local/lib/python3.12/site-packages/airflow/example_dags/tutorial_dag.py
[2025-02-12T17:24:44.708+0000] {processor.py:925} INFO - DAG(s) 'tutorial_dag' retrieved from /home/airflow/.local/lib/python3.12/site-packages/airflow/example_dags/tutorial_dag.py
[2025-02-12T17:24:44.783+0000] {logging_mixin.py:190} INFO - [2025-02-12T17:24:44.783+0000] {dag.py:3239} INFO - Sync 1 DAGs
[2025-02-12T17:24:44.836+0000] {logging_mixin.py:190} INFO - [2025-02-12T17:24:44.835+0000] {dag.py:4180} INFO - Setting next_dagrun for tutorial_dag to None, run_after=None
[2025-02-12T17:24:44.890+0000] {processor.py:208} INFO - Processing /home/airflow/.local/lib/python3.12/site-packages/airflow/example_dags/tutorial_dag.py took 0.233 seconds
