[2025-02-12T17:22:37.196+0000] {processor.py:186} INFO - Started process (PID=87) to work on /home/airflow/.local/lib/python3.12/site-packages/airflow/example_dags/tutorial.py
[2025-02-12T17:22:37.201+0000] {processor.py:914} INFO - Processing file /home/airflow/.local/lib/python3.12/site-packages/airflow/example_dags/tutorial.py for tasks to queue
[2025-02-12T17:22:37.207+0000] {logging_mixin.py:190} INFO - [2025-02-12T17:22:37.206+0000] {dagbag.py:588} INFO - Filling up the DagBag from /home/airflow/.local/lib/python3.12/site-packages/airflow/example_dags/tutorial.py
[2025-02-12T17:22:37.233+0000] {processor.py:925} INFO - DAG(s) 'tutorial' retrieved from /home/airflow/.local/lib/python3.12/site-packages/airflow/example_dags/tutorial.py
[2025-02-12T17:22:37.283+0000] {logging_mixin.py:190} INFO - [2025-02-12T17:22:37.282+0000] {dag.py:3239} INFO - Sync 1 DAGs
[2025-02-12T17:22:37.328+0000] {logging_mixin.py:190} INFO - [2025-02-12T17:22:37.328+0000] {dag.py:4180} INFO - Setting next_dagrun for tutorial to 2025-02-11 00:00:00+00:00, run_after=2025-02-12 00:00:00+00:00
[2025-02-12T17:22:37.395+0000] {processor.py:208} INFO - Processing /home/airflow/.local/lib/python3.12/site-packages/airflow/example_dags/tutorial.py took 0.220 seconds
[2025-02-12T17:23:07.663+0000] {processor.py:186} INFO - Started process (PID=149) to work on /home/airflow/.local/lib/python3.12/site-packages/airflow/example_dags/tutorial.py
[2025-02-12T17:23:07.665+0000] {processor.py:914} INFO - Processing file /home/airflow/.local/lib/python3.12/site-packages/airflow/example_dags/tutorial.py for tasks to queue
[2025-02-12T17:23:07.670+0000] {logging_mixin.py:190} INFO - [2025-02-12T17:23:07.669+0000] {dagbag.py:588} INFO - Filling up the DagBag from /home/airflow/.local/lib/python3.12/site-packages/airflow/example_dags/tutorial.py
[2025-02-12T17:23:07.683+0000] {processor.py:925} INFO - DAG(s) 'tutorial' retrieved from /home/airflow/.local/lib/python3.12/site-packages/airflow/example_dags/tutorial.py
[2025-02-12T17:23:07.719+0000] {logging_mixin.py:190} INFO - [2025-02-12T17:23:07.719+0000] {dag.py:3239} INFO - Sync 1 DAGs
[2025-02-12T17:23:07.759+0000] {logging_mixin.py:190} INFO - [2025-02-12T17:23:07.759+0000] {dag.py:4180} INFO - Setting next_dagrun for tutorial to 2025-02-11 00:00:00+00:00, run_after=2025-02-12 00:00:00+00:00
[2025-02-12T17:23:07.800+0000] {processor.py:208} INFO - Processing /home/airflow/.local/lib/python3.12/site-packages/airflow/example_dags/tutorial.py took 0.145 seconds
[2025-02-12T17:23:39.247+0000] {processor.py:186} INFO - Started process (PID=212) to work on /home/airflow/.local/lib/python3.12/site-packages/airflow/example_dags/tutorial.py
[2025-02-12T17:23:39.249+0000] {processor.py:914} INFO - Processing file /home/airflow/.local/lib/python3.12/site-packages/airflow/example_dags/tutorial.py for tasks to queue
[2025-02-12T17:23:39.257+0000] {logging_mixin.py:190} INFO - [2025-02-12T17:23:39.256+0000] {dagbag.py:588} INFO - Filling up the DagBag from /home/airflow/.local/lib/python3.12/site-packages/airflow/example_dags/tutorial.py
[2025-02-12T17:23:39.271+0000] {processor.py:925} INFO - DAG(s) 'tutorial' retrieved from /home/airflow/.local/lib/python3.12/site-packages/airflow/example_dags/tutorial.py
[2025-02-12T17:23:39.320+0000] {logging_mixin.py:190} INFO - [2025-02-12T17:23:39.320+0000] {dag.py:3239} INFO - Sync 1 DAGs
[2025-02-12T17:23:39.376+0000] {logging_mixin.py:190} INFO - [2025-02-12T17:23:39.376+0000] {dag.py:4180} INFO - Setting next_dagrun for tutorial to 2025-02-11 00:00:00+00:00, run_after=2025-02-12 00:00:00+00:00
[2025-02-12T17:23:39.428+0000] {processor.py:208} INFO - Processing /home/airflow/.local/lib/python3.12/site-packages/airflow/example_dags/tutorial.py took 0.196 seconds
[2025-02-12T17:24:13.595+0000] {processor.py:186} INFO - Started process (PID=282) to work on /home/airflow/.local/lib/python3.12/site-packages/airflow/example_dags/tutorial.py
[2025-02-12T17:24:13.598+0000] {processor.py:914} INFO - Processing file /home/airflow/.local/lib/python3.12/site-packages/airflow/example_dags/tutorial.py for tasks to queue
[2025-02-12T17:24:13.604+0000] {logging_mixin.py:190} INFO - [2025-02-12T17:24:13.603+0000] {dagbag.py:588} INFO - Filling up the DagBag from /home/airflow/.local/lib/python3.12/site-packages/airflow/example_dags/tutorial.py
[2025-02-12T17:24:13.618+0000] {processor.py:925} INFO - DAG(s) 'tutorial' retrieved from /home/airflow/.local/lib/python3.12/site-packages/airflow/example_dags/tutorial.py
[2025-02-12T17:24:13.662+0000] {logging_mixin.py:190} INFO - [2025-02-12T17:24:13.661+0000] {dag.py:3239} INFO - Sync 1 DAGs
[2025-02-12T17:24:13.713+0000] {logging_mixin.py:190} INFO - [2025-02-12T17:24:13.712+0000] {dag.py:4180} INFO - Setting next_dagrun for tutorial to 2025-02-11 00:00:00+00:00, run_after=2025-02-12 00:00:00+00:00
[2025-02-12T17:24:13.757+0000] {processor.py:208} INFO - Processing /home/airflow/.local/lib/python3.12/site-packages/airflow/example_dags/tutorial.py took 0.172 seconds
[2025-02-12T17:24:47.648+0000] {processor.py:186} INFO - Started process (PID=345) to work on /home/airflow/.local/lib/python3.12/site-packages/airflow/example_dags/tutorial.py
[2025-02-12T17:24:47.652+0000] {processor.py:914} INFO - Processing file /home/airflow/.local/lib/python3.12/site-packages/airflow/example_dags/tutorial.py for tasks to queue
[2025-02-12T17:24:47.660+0000] {logging_mixin.py:190} INFO - [2025-02-12T17:24:47.659+0000] {dagbag.py:588} INFO - Filling up the DagBag from /home/airflow/.local/lib/python3.12/site-packages/airflow/example_dags/tutorial.py
[2025-02-12T17:24:47.683+0000] {processor.py:925} INFO - DAG(s) 'tutorial' retrieved from /home/airflow/.local/lib/python3.12/site-packages/airflow/example_dags/tutorial.py
[2025-02-12T17:24:47.735+0000] {logging_mixin.py:190} INFO - [2025-02-12T17:24:47.734+0000] {dag.py:3239} INFO - Sync 1 DAGs
[2025-02-12T17:24:47.815+0000] {logging_mixin.py:190} INFO - [2025-02-12T17:24:47.814+0000] {dag.py:4180} INFO - Setting next_dagrun for tutorial to 2025-02-11 00:00:00+00:00, run_after=2025-02-12 00:00:00+00:00
[2025-02-12T17:24:47.889+0000] {processor.py:208} INFO - Processing /home/airflow/.local/lib/python3.12/site-packages/airflow/example_dags/tutorial.py took 0.260 seconds
